Archive member included to satisfy reference by file (symbol)

c:/ac6/systemworkbench/plugins/fr.ac6.mcu.externaltools.arm-none.win32_1.15.0.201708311556/tools/compiler/bin/../lib/gcc/arm-none-eabi/6.3.1/thumb/v7e-m/fpv4-sp/hard\libgcc.a(_arm_addsubdf3.o)
                              Src/PedalBox.o (__aeabi_i2d)
c:/ac6/systemworkbench/plugins/fr.ac6.mcu.externaltools.arm-none.win32_1.15.0.201708311556/tools/compiler/bin/../lib/gcc/arm-none-eabi/6.3.1/thumb/v7e-m/fpv4-sp/hard\libgcc.a(_arm_muldivdf3.o)
                              Src/PedalBox.o (__aeabi_ddiv)
c:/ac6/systemworkbench/plugins/fr.ac6.mcu.externaltools.arm-none.win32_1.15.0.201708311556/tools/compiler/bin/../lib/gcc/arm-none-eabi/6.3.1/thumb/v7e-m/fpv4-sp/hard\libgcc.a(_arm_cmpdf2.o)
                              Src/PedalBox.o (__aeabi_dcmple)
c:/ac6/systemworkbench/plugins/fr.ac6.mcu.externaltools.arm-none.win32_1.15.0.201708311556/tools/compiler/bin/../lib/gcc/arm-none-eabi/6.3.1/thumb/v7e-m/fpv4-sp/hard\libgcc.a(_arm_fixdfsi.o)
                              Src/PedalBox.o (__aeabi_d2iz)
c:/ac6/systemworkbench/plugins/fr.ac6.mcu.externaltools.arm-none.win32_1.15.0.201708311556/tools/compiler/bin/../lib/gcc/arm-none-eabi/6.3.1/thumb/v7e-m/fpv4-sp/hard\libgcc.a(_fixsfdi.o)
                              Src/PedalBox.o (__aeabi_f2lz)
c:/ac6/systemworkbench/plugins/fr.ac6.mcu.externaltools.arm-none.win32_1.15.0.201708311556/tools/compiler/bin/../lib/gcc/arm-none-eabi/6.3.1/thumb/v7e-m/fpv4-sp/hard\libgcc.a(_fixunssfdi.o)
                              c:/ac6/systemworkbench/plugins/fr.ac6.mcu.externaltools.arm-none.win32_1.15.0.201708311556/tools/compiler/bin/../lib/gcc/arm-none-eabi/6.3.1/thumb/v7e-m/fpv4-sp/hard\libgcc.a(_fixsfdi.o) (__aeabi_f2ulz)
c:/ac6/systemworkbench/plugins/fr.ac6.mcu.externaltools.arm-none.win32_1.15.0.201708311556/tools/compiler/bin/../lib/gcc/arm-none-eabi/6.3.1/thumb/v7e-m/fpv4-sp/hard\libgcc.a(_arm_fixunsdfsi.o)
                              c:/ac6/systemworkbench/plugins/fr.ac6.mcu.externaltools.arm-none.win32_1.15.0.201708311556/tools/compiler/bin/../lib/gcc/arm-none-eabi/6.3.1/thumb/v7e-m/fpv4-sp/hard\libgcc.a(_fixunssfdi.o) (__aeabi_d2uiz)
c:/ac6/systemworkbench/plugins/fr.ac6.mcu.externaltools.arm-none.win32_1.15.0.201708311556/tools/compiler/bin/../lib/gcc/arm-none-eabi/6.3.1/../../../../arm-none-eabi/lib/thumb/v7e-m/fpv4-sp/hard\libc_nano.a(lib_a-exit.o)
                              c:/ac6/systemworkbench/plugins/fr.ac6.mcu.externaltools.arm-none.win32_1.15.0.201708311556/tools/compiler/bin/../lib/gcc/arm-none-eabi/6.3.1/../../../../arm-none-eabi/lib/thumb/v7e-m/fpv4-sp/hard/crt0.o (exit)
c:/ac6/systemworkbench/plugins/fr.ac6.mcu.externaltools.arm-none.win32_1.15.0.201708311556/tools/compiler/bin/../lib/gcc/arm-none-eabi/6.3.1/../../../../arm-none-eabi/lib/thumb/v7e-m/fpv4-sp/hard\libc_nano.a(lib_a-impure.o)
                              c:/ac6/systemworkbench/plugins/fr.ac6.mcu.externaltools.arm-none.win32_1.15.0.201708311556/tools/compiler/bin/../lib/gcc/arm-none-eabi/6.3.1/../../../../arm-none-eabi/lib/thumb/v7e-m/fpv4-sp/hard\libc_nano.a(lib_a-exit.o) (_global_impure_ptr)
c:/ac6/systemworkbench/plugins/fr.ac6.mcu.externaltools.arm-none.win32_1.15.0.201708311556/tools/compiler/bin/../lib/gcc/arm-none-eabi/6.3.1/../../../../arm-none-eabi/lib/thumb/v7e-m/fpv4-sp/hard\libc_nano.a(lib_a-init.o)
                              c:/ac6/systemworkbench/plugins/fr.ac6.mcu.externaltools.arm-none.win32_1.15.0.201708311556/tools/compiler/bin/../lib/gcc/arm-none-eabi/6.3.1/../../../../arm-none-eabi/lib/thumb/v7e-m/fpv4-sp/hard/crt0.o (__libc_init_array)
c:/ac6/systemworkbench/plugins/fr.ac6.mcu.externaltools.arm-none.win32_1.15.0.201708311556/tools/compiler/bin/../lib/gcc/arm-none-eabi/6.3.1/../../../../arm-none-eabi/lib/thumb/v7e-m/fpv4-sp/hard\libc_nano.a(lib_a-memcpy-stub.o)
                              Middlewares/Third_Party/FreeRTOS/Source/queue.o (memcpy)
c:/ac6/systemworkbench/plugins/fr.ac6.mcu.externaltools.arm-none.win32_1.15.0.201708311556/tools/compiler/bin/../lib/gcc/arm-none-eabi/6.3.1/../../../../arm-none-eabi/lib/thumb/v7e-m/fpv4-sp/hard\libc_nano.a(lib_a-memset.o)
                              c:/ac6/systemworkbench/plugins/fr.ac6.mcu.externaltools.arm-none.win32_1.15.0.201708311556/tools/compiler/bin/../lib/gcc/arm-none-eabi/6.3.1/../../../../arm-none-eabi/lib/thumb/v7e-m/fpv4-sp/hard/crt0.o (memset)
c:/ac6/systemworkbench/plugins/fr.ac6.mcu.externaltools.arm-none.win32_1.15.0.201708311556/tools/compiler/bin/../lib/gcc/arm-none-eabi/6.3.1/../../../../arm-none-eabi/lib/thumb/v7e-m/fpv4-sp/hard\libnosys.a(_exit.o)
                              c:/ac6/systemworkbench/plugins/fr.ac6.mcu.externaltools.arm-none.win32_1.15.0.201708311556/tools/compiler/bin/../lib/gcc/arm-none-eabi/6.3.1/../../../../arm-none-eabi/lib/thumb/v7e-m/fpv4-sp/hard\libc_nano.a(lib_a-exit.o) (_exit)

Allocating common symbols
Common symbol       size              file

actualDC            0x4               Src/CANProcess.o
[...]
Memory Configuration

Name             Origin             Length             Attributes
RAM              0x20000000         0x00020000         xrw
CCMRAM           0x10000000         0x00010000         rw
FLASH            0x08000000         0x00100000         xr
*default*        0x00000000         0xffffffff

Linker script and memory map

LOAD c:/ac6/systemworkbench/plugins/fr.ac6.mcu.externaltools.arm-none.win32_1.15.0.201708311556/tools/compiler/bin/../lib/gcc/arm-none-eabi/6.3.1/thumb/v7e-m/fpv4-sp/hard/crti.o
LOAD c:/ac6/systemworkbench/plugins/fr.ac6.mcu.externaltools.arm-none.win32_1.15.0.201708311556/tools/compiler/bin/../lib/gcc/arm-none-eabi/6.3.1/thumb/v7e-m/fpv4-sp/hard/crtbegin.o
LOAD c:/ac6/systemworkbench/plugins/fr.ac6.mcu.externaltools.arm-none.win32_1.15.0.201708311556/tools/compiler/bin/../lib/gcc/arm-none-eabi/6.3.1/../../../../arm-none-eabi/lib/thumb/v7e-m/fpv4-sp/hard/crt0.o
LOAD Drivers/STM32F4xx_HAL_Driver/Src/stm32f4xx_hal.o
LOAD Drivers/STM32F4xx_HAL_Driver/Src/stm32f4xx_hal_can.o
LOAD Drivers/STM32F4xx_HAL_Driver/Src/stm32f4xx_hal_cortex.o
LOAD Drivers/STM32F4xx_HAL_Driver/Src/stm32f4xx_hal_dma.o
LOAD Drivers/STM32F4xx_HAL_Driver/Src/stm32f4xx_hal_dma_ex.o
LOAD Drivers/STM32F4xx_HAL_Driver/Src/stm32f4xx_hal_flash.o
LOAD Drivers/STM32F4xx_HAL_Driver/Src/stm32f4xx_hal_flash_ex.o
LOAD Drivers/STM32F4xx_HAL_Driver/Src/stm32f4xx_hal_flash_ramfunc.o
LOAD Drivers/STM32F4xx_HAL_Driver/Src/stm32f4xx_hal_gpio.o
LOAD Drivers/STM32F4xx_HAL_Driver/Src/stm32f4xx_hal_pwr.o
LOAD Drivers/STM32F4xx_HAL_Driver/Src/stm32f4xx_hal_pwr_ex.o
LOAD Drivers/STM32F4xx_HAL_Driver/Src/stm32f4xx_hal_rcc.o
LOAD Drivers/STM32F4xx_HAL_Driver/Src/stm32f4xx_hal_rcc_ex.o
LOAD Drivers/STM32F4xx_HAL_Driver/Src/stm32f4xx_hal_tim.o
LOAD Drivers/STM32F4xx_HAL_Driver/Src/stm32f4xx_hal_tim_ex.o
LOAD Middlewares/Third_Party/FreeRTOS/Source/CMSIS_RTOS/cmsis_os.o
LOAD Middlewares/Third_Party/FreeRTOS/Source/croutine.o
LOAD Middlewares/Third_Party/FreeRTOS/Source/event_groups.o
LOAD Middlewares/Third_Party/FreeRTOS/Source/list.o
LOAD Middlewares/Third_Party/FreeRTOS/Source/queue.o
LOAD Middlewares/Third_Party/FreeRTOS/Source/tasks.o
LOAD Middlewares/Third_Party/FreeRTOS/Source/timers.o
LOAD Middlewares/Third_Party/FreeRTOS/Source/portable/GCC/ARM_CM4F/port.o
LOAD Middlewares/Third_Party/FreeRTOS/Source/portable/MemMang/heap_4.o
LOAD Src/CANProcess.o
LOAD Src/PedalBox.o
LOAD Src/car.o
LOAD Src/freertos.o
LOAD Src/main.o
LOAD Src/motor_controller_functions.o
LOAD Src/stm32f4xx_hal_msp.o
LOAD Src/stm32f4xx_hal_timebase_TIM.o
LOAD Src/stm32f4xx_it.o
LOAD Src/system_stm32f4xx.o
LOAD startup/startup_stm32f407xx.o
LOAD c:/ac6/systemworkbench/plugins/fr.ac6.mcu.externaltools.arm-none.win32_1.15.0.201708311556/tools/compiler/bin/../lib/gcc/arm-none-eabi/6.3.1/../../../../arm-none-eabi/lib/thumb/v7e-m/fpv4-sp/hard\libm.a
START GROUP
LOAD c:/ac6/systemworkbench/plugins/fr.ac6.mcu.externaltools.arm-none.win32_1.15.0.201708311556/tools/compiler/bin/../lib/gcc/arm-none-eabi/6.3.1/thumb/v7e-m/fpv4-sp/hard\libgcc.a
LOAD c:/ac6/systemworkbench/plugins/fr.ac6.mcu.externaltools.arm-none.win32_1.15.0.201708311556/tools/compiler/bin/../lib/gcc/arm-none-eabi/6.3.1/../../../../arm-none-eabi/lib/thumb/v7e-m/fpv4-sp/hard\libc_nano.a
END GROUP
START GROUP
LOAD c:/ac6/systemworkbench/plugins/fr.ac6.mcu.externaltools.arm-none.win32_1.15.0.201708311556/tools/compiler/bin/../lib/gcc/arm-none-eabi/6.3.1/thumb/v7e-m/fpv4-sp/hard\libgcc.a
LOAD c:/ac6/systemworkbench/plugins/fr.ac6.mcu.externaltools.arm-none.win32_1.15.0.201708311556/tools/compiler/bin/../lib/gcc/arm-none-eabi/6.3.1/../../../../arm-none-eabi/lib/thumb/v7e-m/fpv4-sp/hard\libc_nano.a
LOAD c:/ac6/systemworkbench/plugins/fr.ac6.mcu.externaltools.arm-none.win32_1.15.0.201708311556/tools/compiler/bin/../lib/gcc/arm-none-eabi/6.3.1/../../../../arm-none-eabi/lib/thumb/v7e-m/fpv4-sp/hard\libnosys.a
END GROUP
START GROUP
LOAD c:/ac6/systemworkbench/plugins/fr.ac6.mcu.externaltools.arm-none.win32_1.15.0.201708311556/tools/compiler/bin/../lib/gcc/arm-none-eabi/6.3.1/thumb/v7e-m/fpv4-sp/hard\libgcc.a
LOAD c:/ac6/systemworkbench/plugins/fr.ac6.mcu.externaltools.arm-none.win32_1.15.0.201708311556/tools/compiler/bin/../lib/gcc/arm-none-eabi/6.3.1/../../../../arm-none-eabi/lib/thumb/v7e-m/fpv4-sp/hard\libc_nano.a
LOAD c:/ac6/systemworkbench/plugins/fr.ac6.mcu.externaltools.arm-none.win32_1.15.0.201708311556/tools/compiler/bin/../lib/gcc/arm-none-eabi/6.3.1/../../../../arm-none-eabi/lib/thumb/v7e-m/fpv4-sp/hard\libnosys.a
END GROUP
LOAD c:/ac6/systemworkbench/plugins/fr.ac6.mcu.externaltools.arm-none.win32_1.15.0.201708311556/tools/compiler/bin/../lib/gcc/arm-none-eabi/6.3.1/thumb/v7e-m/fpv4-sp/hard/crtend.o
LOAD c:/ac6/systemworkbench/plugins/fr.ac6.mcu.externaltools.arm-none.win32_1.15.0.201708311556/tools/compiler/bin/../lib/gcc/arm-none-eabi/6.3.1/thumb/v7e-m/fpv4-sp/hard/crtn.o
                0x20020000                _estack = 0x20020000
                0x00002000                _Min_Heap_Size = 0x2000
                0x00004000                _Min_Stack_Size = 0x4000

.isr_vector     0x08000000      0x188
                0x08000000                . = ALIGN (0x4)
 *(.isr_vector)
 .isr_vector    0x08000000      0x188 startup/startup_stm32f407xx.o
                0x08000000                g_pfnVectors
                0x08000188                . = ALIGN (0x4)

.text           0x08000188     0x48a8
                0x08000188                . = ALIGN (0x4)
 *(.text)
 .text          0x08000188       0x6c c:/ac6/systemworkbench/plugins/fr.ac6.mcu.externaltools.arm-none.win32_1.15.0.201708311556/tools/compiler/bin/../lib/gcc/arm-none-eabi/6.3.1/thumb/v7e-m/fpv4-sp/hard/crtbegin.o
 .text          0x080001f4      0x370 c:/ac6/systemworkbench/plugins/fr.ac6.mcu.externaltools.arm-none.win32_1.15.0.201708311556/tools/compiler/bin/../lib/gcc/arm-none-eabi/6.3.1/thumb/v7e-m/fpv4-sp/hard\libgcc.a(_arm_addsubdf3.o)
                0x080001f4                __aeabi_drsub
                0x080001fc                __aeabi_dsub
                0x080001fc                __subdf3
                0x08000200                __aeabi_dadd
                0x08000200                __adddf3
                0x08000478                __floatunsidf
                0x08000478                __aeabi_ui2d
                0x08000498                __floatsidf
                0x08000498                __aeabi_i2d
                0x080004bc                __aeabi_f2d
                0x080004bc                __extendsfdf2
                0x080004f8                __floatundidf
                0x080004f8                __aeabi_ul2d
                0x08000508                __floatdidf
                0x08000508                __aeabi_l2d
 .text          0x08000564      0x424 c:/ac6/systemworkbench/plugins/fr.ac6.mcu.externaltools.arm-none.win32_1.15.0.201708311556/tools/compiler/bin/../lib/gcc/arm-none-eabi/6.3.1/thumb/v7e-m/fpv4-sp/hard\libgcc.a(_arm_muldivdf3.o)
                0x08000564                __aeabi_dmul
                0x08000564                __muldf3
                0x080007b8                __divdf3
                0x080007b8                __aeabi_ddiv
 .text          0x08000988      0x110 c:/ac6/systemworkbench/plugins/fr.ac6.mcu.externaltools.arm-none.win32_1.15.0.201708311556/tools/compiler/bin/../lib/gcc/arm-none-eabi/6.3.1/thumb/v7e-m/fpv4-sp/hard\libgcc.a(_arm_cmpdf2.o)
                0x08000988                __gtdf2
                0x08000988                __gedf2
                0x08000990                __ltdf2
                0x08000990                __ledf2
                0x08000998                __nedf2
                0x08000998                __eqdf2
                0x08000998                __cmpdf2
                0x08000a14                __aeabi_cdrcmple
                0x08000a24                __aeabi_cdcmpeq
                0x08000a24                __aeabi_cdcmple
                0x08000a34                __aeabi_dcmpeq
                0x08000a48                __aeabi_dcmplt
                0x08000a5c                __aeabi_dcmple
                0x08000a70                __aeabi_dcmpge
                0x08000a84                __aeabi_dcmpgt
 .text          0x08000a98       0x50 c:/ac6/systemworkbench/plugins/fr.ac6.mcu.externaltools.arm-none.win32_1.15.0.201708311556/tools/compiler/bin/../lib/gcc/arm-none-eabi/6.3.1/thumb/v7e-m/fpv4-sp/hard\libgcc.a(_arm_fixdfsi.o)
                0x08000a98                __aeabi_d2iz
                0x08000a98                __fixdfsi
 .text          0x08000ae8       0x24 c:/ac6/systemworkbench/plugins/fr.ac6.mcu.externaltools.arm-none.win32_1.15.0.201708311556/tools/compiler/bin/../lib/gcc/arm-none-eabi/6.3.1/thumb/v7e-m/fpv4-sp/hard\libgcc.a(_fixsfdi.o)
                0x08000ae8                __fixsfdi
                0x08000ae8                __aeabi_f2lz
 .text          0x08000b0c       0x4c c:/ac6/systemworkbench/plugins/fr.ac6.mcu.externaltools.arm-none.win32_1.15.0.201708311556/tools/compiler/bin/../lib/gcc/arm-none-eabi/6.3.1/thumb/v7e-m/fpv4-sp/hard\libgcc.a(_fixunssfdi.o)
                0x08000b0c                __fixunssfdi
                0x08000b0c                __aeabi_f2ulz
 .text          0x08000b58       0x40 c:/ac6/systemworkbench/plugins/fr.ac6.mcu.externaltools.arm-none.win32_1.15.0.201708311556/tools/compiler/bin/../lib/gcc/arm-none-eabi/6.3.1/thumb/v7e-m/fpv4-sp/hard\libgcc.a(_arm_fixunsdfsi.o)
                0x08000b58                __aeabi_d2uiz
                0x08000b58                __fixunsdfsi
 *(.text*)
 .text.HAL_Init
                0x08000b98       0x34 Drivers/STM32F4xx_HAL_Driver/Src/stm32f4xx_hal.o
                0x08000b98                HAL_Init
 .text.HAL_IncTick
                0x08000bcc       0x10 Drivers/STM32F4xx_HAL_Driver/Src/stm32f4xx_hal.o
                0x08000bcc                HAL_IncTick
 .text.HAL_GetTick
                0x08000bdc        0xc Drivers/STM32F4xx_HAL_Driver/Src/stm32f4xx_hal.o
                0x08000bdc                HAL_GetTick
 .text.HAL_CAN_ConfigFilter
                0x08000be8      0x114 Drivers/STM32F4xx_HAL_Driver/Src/stm32f4xx_hal_can.o
                0x08000be8                HAL_CAN_ConfigFilter
 .text.HAL_CAN_Init
                0x08000cfc      0x180 Drivers/STM32F4xx_HAL_Driver/Src/stm32f4xx_hal_can.o
                0x08000cfc                HAL_CAN_Init
 .text.HAL_CAN_Transmit
                0x08000e7c      0x1c0 Drivers/STM32F4xx_HAL_Driver/Src/stm32f4xx_hal_can.o
                0x08000e7c                HAL_CAN_Transmit
 .text.HAL_CAN_Receive_IT
                0x0800103c       0x72 Drivers/STM32F4xx_HAL_Driver/Src/stm32f4xx_hal_can.o
                0x0800103c                HAL_CAN_Receive_IT
 .text.HAL_CAN_TxCpltCallback
                0x080010ae        0x2 Drivers/STM32F4xx_HAL_Driver/Src/stm32f4xx_hal_can.o
                0x080010ae                HAL_CAN_TxCpltCallback
 .text.CAN_Transmit_IT
                0x080010b0       0x42 Drivers/STM32F4xx_HAL_Driver/Src/stm32f4xx_hal_can.o
 .text.HAL_CAN_RxCpltCallback
                0x080010f2        0x2 Drivers/STM32F4xx_HAL_Driver/Src/stm32f4xx_hal_can.o
                0x080010f2                HAL_CAN_RxCpltCallback
 .text.CAN_Receive_IT
                0x080010f4      0x134 Drivers/STM32F4xx_HAL_Driver/Src/stm32f4xx_hal_can.o
 .text.HAL_CAN_ErrorCallback
                0x08001228        0x2 Drivers/STM32F4xx_HAL_Driver/Src/stm32f4xx_hal_can.o
                0x08001228                HAL_CAN_ErrorCallback
 *fill*         0x0800122a        0x2 
 .text.HAL_CAN_IRQHandler
                0x0800122c      0x17c Drivers/STM32F4xx_HAL_Driver/Src/stm32f4xx_hal_can.o
                0x0800122c                HAL_CAN_IRQHandler
 .text.HAL_NVIC_SetPriorityGrouping
                0x080013a8       0x24 Drivers/STM32F4xx_HAL_Driver/Src/stm32f4xx_hal_cortex.o
                0x080013a8                HAL_NVIC_SetPriorityGrouping
 .text.HAL_NVIC_SetPriority
                0x080013cc       0x64 Drivers/STM32F4xx_HAL_Driver/Src/stm32f4xx_hal_cortex.o
                0x080013cc                HAL_NVIC_SetPriority
 .text.HAL_NVIC_EnableIRQ
                0x08001430       0x18 Drivers/STM32F4xx_HAL_Driver/Src/stm32f4xx_hal_cortex.o
                0x08001430                HAL_NVIC_EnableIRQ
 .text.HAL_SYSTICK_Config
                0x08001448       0x2c Drivers/STM32F4xx_HAL_Driver/Src/stm32f4xx_hal_cortex.o
                0x08001448                HAL_SYSTICK_Config
 .text.HAL_SYSTICK_CLKSourceConfig
                0x08001474       0x20 Drivers/STM32F4xx_HAL_Driver/Src/stm32f4xx_hal_cortex.o
                0x08001474                HAL_SYSTICK_CLKSourceConfig
 .text.HAL_GPIO_Init
                0x08001494      0x1cc Drivers/STM32F4xx_HAL_Driver/Src/stm32f4xx_hal_gpio.o
                0x08001494                HAL_GPIO_Init
 .text.HAL_GPIO_ReadPin
                0x08001660        0xe Drivers/STM32F4xx_HAL_Driver/Src/stm32f4xx_hal_gpio.o
                0x08001660                HAL_GPIO_ReadPin
 .text.HAL_GPIO_WritePin
                0x0800166e        0xc Drivers/STM32F4xx_HAL_Driver/Src/stm32f4xx_hal_gpio.o
                0x0800166e                HAL_GPIO_WritePin
 .text.HAL_GPIO_TogglePin
                0x0800167a        0x8 Drivers/STM32F4xx_HAL_Driver/Src/stm32f4xx_hal_gpio.o
                0x0800167a                HAL_GPIO_TogglePin
 *fill*         0x08001682        0x2 
 .text.HAL_RCC_OscConfig
                0x08001684      0x3b0 Drivers/STM32F4xx_HAL_Driver/Src/stm32f4xx_hal_rcc.o
                0x08001684                HAL_RCC_OscConfig
 .text.HAL_RCC_GetSysClockFreq
                0x08001a34       0x94 Drivers/STM32F4xx_HAL_Driver/Src/stm32f4xx_hal_rcc.o
                0x08001a34                HAL_RCC_GetSysClockFreq
 .text.HAL_RCC_ClockConfig
                0x08001ac8      0x19c Drivers/STM32F4xx_HAL_Driver/Src/stm32f4xx_hal_rcc.o
                0x08001ac8                HAL_RCC_ClockConfig
 .text.HAL_RCC_GetHCLKFreq
                0x08001c64        0xc Drivers/STM32F4xx_HAL_Driver/Src/stm32f4xx_hal_rcc.o
                0x08001c64                HAL_RCC_GetHCLKFreq
 .text.HAL_RCC_GetPCLK2Freq
                0x08001c70       0x2c Drivers/STM32F4xx_HAL_Driver/Src/stm32f4xx_hal_rcc.o
                0x08001c70                HAL_RCC_GetPCLK2Freq
 .text.HAL_RCC_GetClockConfig
                0x08001c9c       0x3c Drivers/STM32F4xx_HAL_Driver/Src/stm32f4xx_hal_rcc.o
                0x08001c9c                HAL_RCC_GetClockConfig
 .text.HAL_TIM_Base_MspInit
                0x08001cd8        0x2 Drivers/STM32F4xx_HAL_Driver/Src/stm32f4xx_hal_tim.o
                0x08001cd8                HAL_TIM_Base_MspInit
 .text.HAL_TIM_Base_Start_IT
                0x08001cda       0x18 Drivers/STM32F4xx_HAL_Driver/Src/stm32f4xx_hal_tim.o
                0x08001cda                HAL_TIM_Base_Start_IT
 .text.HAL_TIM_OC_DelayElapsedCallback
                0x08001cf2        0x2 Drivers/STM32F4xx_HAL_Driver/Src/stm32f4xx_hal_tim.o
                0x08001cf2                HAL_TIM_OC_DelayElapsedCallback
 .text.HAL_TIM_IC_CaptureCallback
                0x08001cf4        0x2 Drivers/STM32F4xx_HAL_Driver/Src/stm32f4xx_hal_tim.o
                0x08001cf4                HAL_TIM_IC_CaptureCallback
 .text.HAL_TIM_PWM_PulseFinishedCallback
                0x08001cf6        0x2 Drivers/STM32F4xx_HAL_Driver/Src/stm32f4xx_hal_tim.o
                0x08001cf6                HAL_TIM_PWM_PulseFinishedCallback
 .text.HAL_TIM_TriggerCallback
                0x08001cf8        0x2 Drivers/STM32F4xx_HAL_Driver/Src/stm32f4xx_hal_tim.o
                0x08001cf8                HAL_TIM_TriggerCallback
 .text.HAL_TIM_IRQHandler
                0x08001cfa      0x17a Drivers/STM32F4xx_HAL_Driver/Src/stm32f4xx_hal_tim.o
                0x08001cfa                HAL_TIM_IRQHandler
 .text.TIM_Base_SetConfig
                0x08001e74      0x11c Drivers/STM32F4xx_HAL_Driver/Src/stm32f4xx_hal_tim.o
                0x08001e74                TIM_Base_SetConfig
 .text.HAL_TIM_Base_Init
                0x08001f90       0x32 Drivers/STM32F4xx_HAL_Driver/Src/stm32f4xx_hal_tim.o
                0x08001f90                HAL_TIM_Base_Init
 .text.HAL_TIMEx_CommutationCallback
                0x08001fc2        0x2 Drivers/STM32F4xx_HAL_Driver/Src/stm32f4xx_hal_tim_ex.o
                0x08001fc2                HAL_TIMEx_CommutationCallback
 .text.HAL_TIMEx_BreakCallback
                0x08001fc4        0x2 Drivers/STM32F4xx_HAL_Driver/Src/stm32f4xx_hal_tim_ex.o
                0x08001fc4                HAL_TIMEx_BreakCallback
 .text.makeFreeRtosPriority
                0x08001fc6        0xc Middlewares/Third_Party/FreeRTOS/Source/CMSIS_RTOS/cmsis_os.o
 .text.osKernelStart
                0x08001fd2        0xa Middlewares/Third_Party/FreeRTOS/Source/CMSIS_RTOS/cmsis_os.o
                0x08001fd2                osKernelStart
 .text.osThreadCreate
                0x08001fdc       0x3a Middlewares/Third_Party/FreeRTOS/Source/CMSIS_RTOS/cmsis_os.o
                0x08001fdc                osThreadCreate
 .text.osDelay  0x08002016       0x12 Middlewares/Third_Party/FreeRTOS/Source/CMSIS_RTOS/cmsis_os.o
                0x08002016                osDelay
 .text.osSystickHandler
                0x08002028       0x10 Middlewares/Third_Party/FreeRTOS/Source/CMSIS_RTOS/cmsis_os.o
                0x08002028                osSystickHandler
 .text.vListInitialise
                0x08002038       0x16 Middlewares/Third_Party/FreeRTOS/Source/list.o
                0x08002038                vListInitialise
 .text.vListInitialiseItem
                0x0800204e        0x6 Middlewares/Third_Party/FreeRTOS/Source/list.o
                0x0800204e                vListInitialiseItem
 .text.vListInsertEnd
                0x08002054       0x18 Middlewares/Third_Party/FreeRTOS/Source/list.o
                0x08002054                vListInsertEnd
 .text.vListInsert
                0x0800206c       0x34 Middlewares/Third_Party/FreeRTOS/Source/list.o
                0x0800206c                vListInsert
 .text.uxListRemove
                0x080020a0       0x26 Middlewares/Third_Party/FreeRTOS/Source/list.o
                0x080020a0                uxListRemove
 .text.prvIsQueueFull
                0x080020c6       0x1e Middlewares/Third_Party/FreeRTOS/Source/queue.o
 .text.prvIsQueueEmpty
                0x080020e4       0x1a Middlewares/Third_Party/FreeRTOS/Source/queue.o
 .text.prvCopyDataToQueue
                0x080020fe       0x7e Middlewares/Third_Party/FreeRTOS/Source/queue.o
 .text.prvCopyDataFromQueue
                0x0800217c       0x24 Middlewares/Third_Party/FreeRTOS/Source/queue.o
 .text.prvUnlockQueue
                0x080021a0       0x6a Middlewares/Third_Party/FreeRTOS/Source/queue.o
 *fill*         0x0800220a        0x2 
 .text.xQueueGenericReset
                0x0800220c       0x84 Middlewares/Third_Party/FreeRTOS/Source/queue.o
                0x0800220c                xQueueGenericReset
 .text.xQueueGenericCreate
                0x08002290       0x64 Middlewares/Third_Party/FreeRTOS/Source/queue.o
                0x08002290                xQueueGenericCreate
 .text.xQueueGenericSend
                0x080022f4      0x180 Middlewares/Third_Party/FreeRTOS/Source/queue.o
                0x080022f4                xQueueGenericSend
 .text.xQueueCreateMutex
                0x08002474       0x44 Middlewares/Third_Party/FreeRTOS/Source/queue.o
                0x08002474                xQueueCreateMutex
 .text.xQueueGenericSendFromISR
                0x080024b8       0xd8 Middlewares/Third_Party/FreeRTOS/Source/queue.o
                0x080024b8                xQueueGenericSendFromISR
 .text.xQueueGiveFromISR
                0x08002590       0xb8 Middlewares/Third_Party/FreeRTOS/Source/queue.o
                0x08002590                xQueueGiveFromISR
 .text.xQueueGenericReceive
                0x08002648      0x190 Middlewares/Third_Party/FreeRTOS/Source/queue.o
                0x08002648                xQueueGenericReceive
 .text.xQueueReceiveFromISR
                0x080027d8       0xa6 Middlewares/Third_Party/FreeRTOS/Source/queue.o
                0x080027d8                xQueueReceiveFromISR
 *fill*         0x0800287e        0x2 
 .text.prvResetNextTaskUnblockTime
                0x08002880       0x2c Middlewares/Third_Party/FreeRTOS/Source/tasks.o
 .text.prvAllocateTCBAndStack
                0x080028ac       0x2c Middlewares/Third_Party/FreeRTOS/Source/tasks.o
 .text.prvDeleteTCB
                0x080028d8       0x12 Middlewares/Third_Party/FreeRTOS/Source/tasks.o
 .text.prvInitialiseTCBVariables
                0x080028ea       0x52 Middlewares/Third_Party/FreeRTOS/Source/tasks.o
 .text.prvInitialiseTaskLists
                0x0800293c       0x54 Middlewares/Third_Party/FreeRTOS/Source/tasks.o
 .text.prvAddCurrentTaskToDelayedList
                0x08002990       0x44 Middlewares/Third_Party/FreeRTOS/Source/tasks.o
 .text.xTaskGenericCreate
                0x080029d4      0x138 Middlewares/Third_Party/FreeRTOS/Source/tasks.o
                0x080029d4                xTaskGenericCreate
 .text.vTaskDelete
                0x08002b0c       0xc0 Middlewares/Third_Party/FreeRTOS/Source/tasks.o
                0x08002b0c                vTaskDelete
 .text.vTaskStartScheduler
                0x08002bcc       0x6c Middlewares/Third_Party/FreeRTOS/Source/tasks.o
                0x08002bcc                vTaskStartScheduler
 .text.vTaskSuspendAll
                0x08002c38       0x14 Middlewares/Third_Party/FreeRTOS/Source/tasks.o
                0x08002c38                vTaskSuspendAll
 .text.xTaskGetTickCount
                0x08002c4c        0xc Middlewares/Third_Party/FreeRTOS/Source/tasks.o
                0x08002c4c                xTaskGetTickCount
 .text.xTaskIncrementTick
                0x08002c58      0x118 Middlewares/Third_Party/FreeRTOS/Source/tasks.o
                0x08002c58                xTaskIncrementTick
 .text.xTaskResumeAll
                0x08002d70       0xf8 Middlewares/Third_Party/FreeRTOS/Source/tasks.o
                0x08002d70                xTaskResumeAll
 .text.vTaskDelay
                0x08002e68       0x7c Middlewares/Third_Party/FreeRTOS/Source/tasks.o
                0x08002e68                vTaskDelay
 .text.prvCheckTasksWaitingTermination
                0x08002ee4       0x54 Middlewares/Third_Party/FreeRTOS/Source/tasks.o
 .text.prvIdleTask
                0x08002f38       0x28 Middlewares/Third_Party/FreeRTOS/Source/tasks.o
 .text.vTaskSwitchContext
                0x08002f60       0x90 Middlewares/Third_Party/FreeRTOS/Source/tasks.o
                0x08002f60                vTaskSwitchContext
 .text.vTaskPlaceOnEventList
                0x08002ff0       0x70 Middlewares/Third_Party/FreeRTOS/Source/tasks.o
                0x08002ff0                vTaskPlaceOnEventList
 .text.xTaskRemoveFromEventList
                0x08003060       0x84 Middlewares/Third_Party/FreeRTOS/Source/tasks.o
                0x08003060                xTaskRemoveFromEventList
 .text.vTaskSetTimeOutState
                0x080030e4       0x28 Middlewares/Third_Party/FreeRTOS/Source/tasks.o
                0x080030e4                vTaskSetTimeOutState
 .text.xTaskCheckForTimeOut
                0x0800310c       0x80 Middlewares/Third_Party/FreeRTOS/Source/tasks.o
                0x0800310c                xTaskCheckForTimeOut
 .text.vTaskMissedYield
                0x0800318c       0x10 Middlewares/Third_Party/FreeRTOS/Source/tasks.o
                0x0800318c                vTaskMissedYield
 .text.xTaskGetSchedulerState
                0x0800319c       0x20 Middlewares/Third_Party/FreeRTOS/Source/tasks.o
                0x0800319c                xTaskGetSchedulerState
 .text.vTaskPriorityInherit
                0x080031bc       0xb0 Middlewares/Third_Party/FreeRTOS/Source/tasks.o
                0x080031bc                vTaskPriorityInherit
 .text.xTaskPriorityDisinherit
                0x0800326c       0xb8 Middlewares/Third_Party/FreeRTOS/Source/tasks.o
                0x0800326c                xTaskPriorityDisinherit
 .text.pvTaskIncrementMutexHeldCount
                0x08003324       0x20 Middlewares/Third_Party/FreeRTOS/Source/tasks.o
                0x08003324                pvTaskIncrementMutexHeldCount
 .text.prvTaskExitError
                0x08003344       0x34 Middlewares/Third_Party/FreeRTOS/Source/portable/GCC/ARM_CM4F/port.o
 .text.prvPortStartFirstTask
                0x08003378       0x20 Middlewares/Third_Party/FreeRTOS/Source/portable/GCC/ARM_CM4F/port.o
 .text.vPortEnableVFP
                0x08003398       0x14 Middlewares/Third_Party/FreeRTOS/Source/portable/GCC/ARM_CM4F/port.o
 .text.pxPortInitialiseStack
                0x080033ac       0x28 Middlewares/Third_Party/FreeRTOS/Source/portable/GCC/ARM_CM4F/port.o
                0x080033ac                pxPortInitialiseStack
 .text.SVC_Handler
                0x080033d4       0x20 Middlewares/Third_Party/FreeRTOS/Source/portable/GCC/ARM_CM4F/port.o
                0x080033d4                SVC_Handler
 .text.vPortEnterCritical
                0x080033f4       0x44 Middlewares/Third_Party/FreeRTOS/Source/portable/GCC/ARM_CM4F/port.o
                0x080033f4                vPortEnterCritical
 .text.vPortExitCritical
                0x08003438       0x2c Middlewares/Third_Party/FreeRTOS/Source/portable/GCC/ARM_CM4F/port.o
                0x08003438                vPortExitCritical
 .text.PendSV_Handler
                0x08003464       0x60 Middlewares/Third_Party/FreeRTOS/Source/portable/GCC/ARM_CM4F/port.o
                0x08003464                PendSV_Handler
 .text.xPortSysTickHandler
                0x080034c4       0x30 Middlewares/Third_Party/FreeRTOS/Source/portable/GCC/ARM_CM4F/port.o
                0x080034c4                xPortSysTickHandler
 .text.vPortSetupTimerInterrupt
                0x080034f4       0x2c Middlewares/Third_Party/FreeRTOS/Source/portable/GCC/ARM_CM4F/port.o
                0x080034f4                vPortSetupTimerInterrupt
 .text.xPortStartScheduler
                0x08003520       0xe8 Middlewares/Third_Party/FreeRTOS/Source/portable/GCC/ARM_CM4F/port.o
                0x08003520                xPortStartScheduler
 .text.vPortValidateInterruptPriority
                0x08003608       0x58 Middlewares/Third_Party/FreeRTOS/Source/portable/GCC/ARM_CM4F/port.o
                0x08003608                vPortValidateInterruptPriority
 .text.prvHeapInit
                0x08003660       0x58 Middlewares/Third_Party/FreeRTOS/Source/portable/MemMang/heap_4.o
 .text.prvInsertBlockIntoFreeList
                0x080036b8       0x58 Middlewares/Third_Party/FreeRTOS/Source/portable/MemMang/heap_4.o
 .text.pvPortMalloc
                0x08003710      0x10c Middlewares/Third_Party/FreeRTOS/Source/portable/MemMang/heap_4.o
                0x08003710                pvPortMalloc
 .text.vPortFree
                0x0800381c       0x70 Middlewares/Third_Party/FreeRTOS/Source/portable/MemMang/heap_4.o
                0x0800381c                vPortFree
 .text.CANFilterConfig
                0x0800388c       0x40 Src/CANProcess.o
                0x0800388c                CANFilterConfig
 .text.processPedalboxFrame
                0x080038cc       0x64 Src/CANProcess.o
                0x080038cc                processPedalboxFrame
 .text.processCalibrate
                0x08003930       0x48 Src/CANProcess.o
                0x08003930                processCalibrate
 .text.processBamoCar
                0x08003978      0x138 Src/CANProcess.o
                0x08003978                processBamoCar
 .text.taskRXCANProcess
                0x08003ab0       0x88 Src/CANProcess.o
                0x08003ab0                taskRXCANProcess
 .text.taskPedalBoxMsgHandler
                0x08003b38      0x330 Src/PedalBox.o
                0x08003b38                taskPedalBoxMsgHandler
 .text.taskBlink
                0x08003e68       0x88 Src/car.o
                0x08003e68                taskBlink
 .text.taskSoundBuzzer
                0x08003ef0       0x30 Src/car.o
                0x08003ef0                taskSoundBuzzer
 .text.carSetBrakeLight
                0x08003f20       0x14 Src/car.o
                0x08003f20                carSetBrakeLight
 *fill*         0x08003f34        0x4 
 .text.taskCarMainRoutine
                0x08003f38      0x1e4 Src/car.o
                0x08003f38                taskCarMainRoutine
 .text.carInit  0x0800411c       0x6c Src/car.o
                0x0800411c                carInit
 .text.ISR_StartButtonPressed
                0x08004188       0x48 Src/car.o
                0x08004188                ISR_StartButtonPressed
 .text.initRTOSObjects
                0x080041d0       0xb8 Src/car.o
                0x080041d0                initRTOSObjects
 .text.MX_GPIO_Init
                0x08004288      0x22c Src/main.o
 .text.StartDefaultTask
                0x080044b4        0xa Src/main.o
                0x080044b4                StartDefaultTask
 *fill*         0x080044be        0x2 
 .text.HAL_TIM_PeriodElapsedCallback
                0x080044c0       0x18 Src/main.o
                0x080044c0                HAL_TIM_PeriodElapsedCallback
 .text._Error_Handler
                0x080044d8        0x2 Src/main.o
                0x080044d8                _Error_Handler
 *fill*         0x080044da        0x2 
 .text.MX_CAN1_Init
                0x080044dc       0x48 Src/main.o
 .text.SystemClock_Config
                0x08004524       0xbc Src/main.o
                0x08004524                SystemClock_Config
 .text.main     0x080045e0       0x5c Src/main.o
                0x080045e0                main
 .text.mcCmdTorque
                0x0800463c       0x5c Src/motor_controller_functions.o
                0x0800463c                mcCmdTorque
 .text.disableMotor
                0x08004698       0x24 Src/motor_controller_functions.o
                0x08004698                disableMotor
 .text.enableMotorController
                0x080046bc       0x58 Src/motor_controller_functions.o
                0x080046bc                enableMotorController
 .text.HAL_MspInit
                0x08004714       0x5e Src/stm32f4xx_hal_msp.o
                0x08004714                HAL_MspInit
 *fill*         0x08004772        0x2 
 .text.HAL_CAN_MspInit
                0x08004774       0x7c Src/stm32f4xx_hal_msp.o
                0x08004774                HAL_CAN_MspInit
 .text.HAL_InitTick
                0x080047f0       0x7c Src/stm32f4xx_hal_timebase_TIM.o
                0x080047f0                HAL_InitTick
 .text.SysTick_Handler
                0x0800486c        0x8 Src/stm32f4xx_it.o
                0x0800486c                SysTick_Handler
 .text.CAN1_TX_IRQHandler
                0x08004874       0x10 Src/stm32f4xx_it.o
                0x08004874                CAN1_TX_IRQHandler
 .text.CAN1_RX0_IRQHandler
                0x08004884       0x50 Src/stm32f4xx_it.o
                0x08004884                CAN1_RX0_IRQHandler
 .text.CAN1_RX1_IRQHandler
                0x080048d4       0x34 Src/stm32f4xx_it.o
                0x080048d4                CAN1_RX1_IRQHandler
 .text.TIM1_UP_TIM10_IRQHandler
                0x08004908       0x10 Src/stm32f4xx_it.o
                0x08004908                TIM1_UP_TIM10_IRQHandler
 .text.SystemInit
                0x08004918       0x4c Src/system_stm32f4xx.o
                0x08004918                SystemInit
 .text.Reset_Handler
                0x08004964       0x50 startup/startup_stm32f407xx.o
                0x08004964                Reset_Handler
 .text.Default_Handler
                0x080049b4        0x2 startup/startup_stm32f407xx.o
                0x080049b4                RTC_Alarm_IRQHandler
                0x080049b4                HASH_RNG_IRQHandler
                0x080049b4                EXTI2_IRQHandler
                0x080049b4                TIM8_CC_IRQHandler
                0x080049b4                DebugMon_Handler
                0x080049b4                TIM1_CC_IRQHandler
                0x080049b4                DMA2_Stream5_IRQHandler
                0x080049b4                HardFault_Handler
                0x080049b4                DMA1_Stream5_IRQHandler
                0x080049b4                PVD_IRQHandler
                0x080049b4                SDIO_IRQHandler
                0x080049b4                TAMP_STAMP_IRQHandler
                0x080049b4                NMI_Handler
                0x080049b4                CAN2_RX1_IRQHandler
                0x080049b4                EXTI3_IRQHandler
                0x080049b4                TIM8_TRG_COM_TIM14_IRQHandler
                0x080049b4                TIM8_UP_TIM13_IRQHandler
                0x080049b4                I2C3_ER_IRQHandler
                0x080049b4                EXTI0_IRQHandler
                0x080049b4                I2C2_EV_IRQHandler
                0x080049b4                DMA1_Stream2_IRQHandler
                0x080049b4                FPU_IRQHandler
                0x080049b4                OTG_HS_WKUP_IRQHandler
                0x080049b4                UsageFault_Handler
                0x080049b4                CAN2_SCE_IRQHandler
                0x080049b4                DMA2_Stream2_IRQHandler
                0x080049b4                SPI1_IRQHandler
                0x080049b4                TIM6_DAC_IRQHandler
                0x080049b4                TIM1_BRK_TIM9_IRQHandler
                0x080049b4                DCMI_IRQHandler
                0x080049b4                CAN2_RX0_IRQHandler
                0x080049b4                DMA2_Stream3_IRQHandler
                0x080049b4                USART6_IRQHandler
                0x080049b4                USART3_IRQHandler
                0x080049b4                UART5_IRQHandler
                0x080049b4                DMA2_Stream0_IRQHandler
                0x080049b4                TIM4_IRQHandler
                0x080049b4                I2C1_EV_IRQHandler
                0x080049b4                DMA1_Stream6_IRQHandler
                0x080049b4                DMA1_Stream1_IRQHandler
                0x080049b4                UART4_IRQHandler
                0x080049b4                TIM3_IRQHandler
                0x080049b4                RCC_IRQHandler
                0x080049b4                TIM8_BRK_TIM12_IRQHandler
                0x080049b4                Default_Handler
                0x080049b4                EXTI15_10_IRQHandler
                0x080049b4                ADC_IRQHandler
                0x080049b4                DMA1_Stream7_IRQHandler
                0x080049b4                TIM7_IRQHandler
                0x080049b4                CAN2_TX_IRQHandler
                0x080049b4                TIM5_IRQHandler
                0x080049b4                DMA2_Stream7_IRQHandler
                0x080049b4                I2C3_EV_IRQHandler
                0x080049b4                EXTI9_5_IRQHandler
                0x080049b4                RTC_WKUP_IRQHandler
                0x080049b4                ETH_WKUP_IRQHandler
                0x080049b4                SPI2_IRQHandler
                0x080049b4                OTG_HS_EP1_IN_IRQHandler
                0x080049b4                MemManage_Handler
                0x080049b4                DMA1_Stream0_IRQHandler
                0x080049b4                EXTI4_IRQHandler
                0x080049b4                FSMC_IRQHandler
                0x080049b4                ETH_IRQHandler
                0x080049b4                OTG_HS_EP1_OUT_IRQHandler
                0x080049b4                WWDG_IRQHandler
                0x080049b4                TIM2_IRQHandler
                0x080049b4                OTG_FS_WKUP_IRQHandler
                0x080049b4                TIM1_TRG_COM_TIM11_IRQHandler
                0x080049b4                OTG_HS_IRQHandler
                0x080049b4                EXTI1_IRQHandler
                0x080049b4                USART2_IRQHandler
                0x080049b4                I2C2_ER_IRQHandler
                0x080049b4                DMA2_Stream1_IRQHandler
                0x080049b4                CAN1_SCE_IRQHandler
                0x080049b4                FLASH_IRQHandler
                0x080049b4                DMA2_Stream4_IRQHandler
                0x080049b4                BusFault_Handler
                0x080049b4                USART1_IRQHandler
                0x080049b4                OTG_FS_IRQHandler
                0x080049b4                SPI3_IRQHandler
                0x080049b4                DMA1_Stream4_IRQHandler
                0x080049b4                I2C1_ER_IRQHandler
                0x080049b4                DMA2_Stream6_IRQHandler
                0x080049b4                DMA1_Stream3_IRQHandler
 *fill*         0x080049b6        0x2 
 .text.__libc_init_array
                0x080049b8       0x48 c:/ac6/systemworkbench/plugins/fr.ac6.mcu.externaltools.arm-none.win32_1.15.0.201708311556/tools/compiler/bin/../lib/gcc/arm-none-eabi/6.3.1/../../../../arm-none-eabi/lib/thumb/v7e-m/fpv4-sp/hard\libc_nano.a(lib_a-init.o)
                0x080049b8                __libc_init_array
 .text.memcpy   0x08004a00       0x16 c:/ac6/systemworkbench/plugins/fr.ac6.mcu.externaltools.arm-none.win32_1.15.0.201708311556/tools/compiler/bin/../lib/gcc/arm-none-eabi/6.3.1/../../../../arm-none-eabi/lib/thumb/v7e-m/fpv4-sp/hard\libc_nano.a(lib_a-memcpy-stub.o)
                0x08004a00                memcpy
 *(.glue_7)
 .glue_7        0x08004a16        0x0 linker stubs
 *(.glue_7t)
 .glue_7t       0x08004a16        0x0 linker stubs
 *(.eh_frame)
 *fill*         0x08004a16        0x2 
 .eh_frame      0x08004a18        0x0 c:/ac6/systemworkbench/plugins/fr.ac6.mcu.externaltools.arm-none.win32_1.15.0.201708311556/tools/compiler/bin/../lib/gcc/arm-none-eabi/6.3.1/thumb/v7e-m/fpv4-sp/hard/crtbegin.o
 *(.init)
 .init          0x08004a18        0x4 c:/ac6/systemworkbench/plugins/fr.ac6.mcu.externaltools.arm-none.win32_1.15.0.201708311556/tools/compiler/bin/../lib/gcc/arm-none-eabi/6.3.1/thumb/v7e-m/fpv4-sp/hard/crti.o
                0x08004a18                _init
 .init          0x08004a1c        0x8 c:/ac6/systemworkbench/plugins/fr.ac6.mcu.externaltools.arm-none.win32_1.15.0.201708311556/tools/compiler/bin/../lib/gcc/arm-none-eabi/6.3.1/thumb/v7e-m/fpv4-sp/hard/crtn.o
 *(.fini)
 .fini          0x08004a24        0x4 c:/ac6/systemworkbench/plugins/fr.ac6.mcu.externaltools.arm-none.win32_1.15.0.201708311556/tools/compiler/bin/../lib/gcc/arm-none-eabi/6.3.1/thumb/v7e-m/fpv4-sp/hard/crti.o
                0x08004a24                _fini
 .fini          0x08004a28        0x8 c:/ac6/systemworkbench/plugins/fr.ac6.mcu.externaltools.arm-none.win32_1.15.0.201708311556/tools/compiler/bin/../lib/gcc/arm-none-eabi/6.3.1/thumb/v7e-m/fpv4-sp/hard/crtn.o
                0x08004a30                . = ALIGN (0x4)
                0x08004a30                _etext = .

.vfp11_veneer   0x08004a30        0x0
 .vfp11_veneer  0x08004a30        0x0 linker stubs

.v4_bx          0x08004a30        0x0
 .v4_bx         0x08004a30        0x0 linker stubs

.iplt           0x08004a30        0x0
 .iplt          0x08004a30        0x0 c:/ac6/systemworkbench/plugins/fr.ac6.mcu.externaltools.arm-none.win32_1.15.0.201708311556/tools/compiler/bin/../lib/gcc/arm-none-eabi/6.3.1/thumb/v7e-m/fpv4-sp/hard/crtbegin.o

.rodata         0x08004a30       0x84
                0x08004a30                . = ALIGN (0x4)
 *(.rodata)
 .rodata        0x08004a30       0x10 Drivers/STM32F4xx_HAL_Driver/Src/stm32f4xx_hal_rcc.o
                0x08004a30                APBAHBPrescTable
 .rodata        0x08004a40       0x14 Src/main.o
 *(.rodata*)
 .rodata.str1.4
                0x08004a54        0x5 Middlewares/Third_Party/FreeRTOS/Source/tasks.o
 *fill*         0x08004a59        0x3 
 .rodata.str1.4
                0x08004a5c       0x3a Src/car.o
 *fill*         0x08004a96        0x2 
 .rodata.str1.4
                0x08004a98       0x1c Src/main.o
                0x08004ab4                . = ALIGN (0x4)

.rel.dyn        0x08004ab4        0x0
 .rel.iplt      0x08004ab4        0x0 c:/ac6/systemworkbench/plugins/fr.ac6.mcu.externaltools.arm-none.win32_1.15.0.201708311556/tools/compiler/bin/../lib/gcc/arm-none-eabi/6.3.1/thumb/v7e-m/fpv4-sp/hard/crtbegin.o

.ARM.extab
 *(.ARM.extab* .gnu.linkonce.armextab.*)

.ARM            0x08004ab4        0x0
                0x08004ab4                __exidx_start = .
 *(.ARM.exidx*)
                0x08004ab4                __exidx_end = .

.preinit_array  0x08004ab4        0x0
                0x08004ab4                PROVIDE (__preinit_array_start, .)
 *(.preinit_array*)
                0x08004ab4                PROVIDE (__preinit_array_end, .)

.init_array     0x08004ab4        0x4
                0x08004ab4                PROVIDE (__init_array_start, .)
 *(SORT(.init_array.*))
 *(.init_array*)
 .init_array    0x08004ab4        0x4 c:/ac6/systemworkbench/plugins/fr.ac6.mcu.externaltools.arm-none.win32_1.15.0.201708311556/tools/compiler/bin/../lib/gcc/arm-none-eabi/6.3.1/thumb/v7e-m/fpv4-sp/hard/crtbegin.o
                0x08004ab8                PROVIDE (__init_array_end, .)

.fini_array     0x08004ab8        0x4
                [!provide]                PROVIDE (__fini_array_start, .)
 *(SORT(.fini_array.*))
 *(.fini_array*)
 .fini_array    0x08004ab8        0x4 c:/ac6/systemworkbench/plugins/fr.ac6.mcu.externaltools.arm-none.win32_1.15.0.201708311556/tools/compiler/bin/../lib/gcc/arm-none-eabi/6.3.1/thumb/v7e-m/fpv4-sp/hard/crtbegin.o
                [!provide]                PROVIDE (__fini_array_end, .)
                0x08004abc                _sidata = LOADADDR (.data)

.data           0x20000000        0x8 load address 0x08004abc
                0x20000000                . = ALIGN (0x4)
                0x20000000                _sdata = .
 *(.data)
 .data          0x20000000        0x4 Middlewares/Third_Party/FreeRTOS/Source/portable/GCC/ARM_CM4F/port.o
 .data          0x20000004        0x4 Src/system_stm32f4xx.o
                0x20000004                SystemCoreClock
 *(.data*)
                0x20000008                . = ALIGN (0x4)
                0x20000008                _edata = .
                0x08004ac4                _siccmram = LOADADDR (.ccmram)

.jcr            0x20000008        0x0 load address 0x08004ac4
 .jcr           0x20000008        0x0 c:/ac6/systemworkbench/plugins/fr.ac6.mcu.externaltools.arm-none.win32_1.15.0.201708311556/tools/compiler/bin/../lib/gcc/arm-none-eabi/6.3.1/thumb/v7e-m/fpv4-sp/hard/crtbegin.o

.igot.plt       0x20000008        0x0 load address 0x08004ac4
 .igot.plt      0x20000008        0x0 c:/ac6/systemworkbench/plugins/fr.ac6.mcu.externaltools.arm-none.win32_1.15.0.201708311556/tools/compiler/bin/../lib/gcc/arm-none-eabi/6.3.1/thumb/v7e-m/fpv4-sp/hard/crtbegin.o

.ccmram         0x10000000        0x0 load address 0x08004ac4
                0x10000000                . = ALIGN (0x4)
                0x10000000                _sccmram = .
 *(.ccmram)
 *(.ccmram*)
                0x10000000                . = ALIGN (0x4)
                0x10000000                _eccmram = .
                0x10000000                . = ALIGN (0x4)

.bss            0x20000008     0x3ee8
                0x20000008                _sbss = .
                0x20000008                __bss_start__ = _sbss
 *(.bss)
 .bss           0x20000008       0x1c c:/ac6/systemworkbench/plugins/fr.ac6.mcu.externaltools.arm-none.win32_1.15.0.201708311556/tools/compiler/bin/../lib/gcc/arm-none-eabi/6.3.1/thumb/v7e-m/fpv4-sp/hard/crtbegin.o
 .bss           0x20000024      0x128 Middlewares/Third_Party/FreeRTOS/Source/tasks.o
                0x20000120                pxCurrentTCB
 .bss           0x2000014c        0x8 Middlewares/Third_Party/FreeRTOS/Source/portable/GCC/ARM_CM4F/port.o
 .bss           0x20000154     0x3c18 Middlewares/Third_Party/FreeRTOS/Source/portable/MemMang/heap_4.o
 *(.bss*)
 *(COMMON)
 COMMON         0x20003d6c        0x4 Drivers/STM32F4xx_HAL_Driver/Src/stm32f4xx_hal.o
                0x20003d6c                uwTick
 COMMON         0x20003d70       0x4c Src/CANProcess.o
                0x20003d70                actualDC
                0x20003d74                actualTorque
                0x20003d78                pedalTorque
                0x20003d7c                torque_to_send
                0x20003d80                BCparam
                0x20003d84                actualTorque0700
                0x20003d88                DCLimit
                0x20003d8c                calcTorqueLimit
                0x20003d90                actualTorque1508
                0x20003d94                dcBusVoltage
                0x20003d98                powerStageTemperature
                0x20003d9c                errBitMap1
                0x20003da0                commandCurrent
                0x20003da4                actualV
                0x20003da8                airTemperature
                0x20003dac                currentActual
                0x20003db0                actualCurrentLimit
                0x20003db4                speedActual
                0x20003db8                motorTemperature
 *fill*         0x20003dbc        0x4 
 COMMON         0x20003dc0       0xf4 Src/main.o
                0x20003dc0                car
                0x20003e20                BMS
                0x20003e70                defaultTaskHandle
                0x20003e74                hcan1
 COMMON         0x20003eb4       0x3c Src/stm32f4xx_hal_timebase_TIM.o
                0x20003eb4                htim1
                0x20003ef0                . = ALIGN (0x4)
                0x20003ef0                _ebss = .
                0x20003ef0                __bss_end__ = _ebss

._user_heap_stack
                0x20003ef0     0x6000
                0x20003ef0                . = ALIGN (0x8)
                [!provide]                PROVIDE (end, .)
                [!provide]                PROVIDE (_end, .)
                0x20005ef0                . = (. + _Min_Heap_Size)
 *fill*         0x20003ef0     0x2000 
                0x20009ef0                . = (. + _Min_Stack_Size)
 *fill*         0x20005ef0     0x4000 
                0x20009ef0                . = ALIGN (0x8)

/DISCARD/
 libc.a(*)
 libm.a(*)
 libgcc.a(*)

.ARM.attributes
                0x00000000       0x30
 *(.ARM.attributes)
 .ARM.attributes
                0x00000000       0x22 c:/ac6/systemworkbench/plugins/fr.ac6.mcu.externaltools.arm-none.win32_1.15.0.201708311556/tools/compiler/bin/../lib/gcc/arm-none-eabi/6.3.1/thumb/v7e-m/fpv4-sp/hard/crti.o
 .ARM.attributes
                0x00000022       0x34 c:/ac6/systemworkbench/plugins/fr.ac6.mcu.externaltools.arm-none.win32_1.15.0.201708311556/tools/compiler/bin/../lib/gcc/arm-none-eabi/6.3.1/thumb/v7e-m/fpv4-sp/hard/crtbegin.o
 .ARM.attributes
                0x00000056       0x39 Drivers/STM32F4xx_HAL_Driver/Src/stm32f4xx_hal.o
 .ARM.attributes
                0x0000008f       0x39 Drivers/STM32F4xx_HAL_Driver/Src/stm32f4xx_hal_can.o
 .ARM.attributes
                0x000000c8       0x39 Drivers/STM32F4xx_HAL_Driver/Src/stm32f4xx_hal_cortex.o
 .ARM.attributes
                0x00000101       0x39 Drivers/STM32F4xx_HAL_Driver/Src/stm32f4xx_hal_gpio.o
 .ARM.attributes
                0x0000013a       0x39 Drivers/STM32F4xx_HAL_Driver/Src/stm32f4xx_hal_rcc.o
 .ARM.attributes
                0x00000173       0x39 Drivers/STM32F4xx_HAL_Driver/Src/stm32f4xx_hal_tim.o
 .ARM.attributes
                0x000001ac       0x39 Drivers/STM32F4xx_HAL_Driver/Src/stm32f4xx_hal_tim_ex.o
 .ARM.attributes
                0x000001e5       0x39 Middlewares/Third_Party/FreeRTOS/Source/CMSIS_RTOS/cmsis_os.o
 .ARM.attributes
                0x0000021e       0x39 Middlewares/Third_Party/FreeRTOS/Source/list.o
 .ARM.attributes
                0x00000257       0x39 Middlewares/Third_Party/FreeRTOS/Source/queue.o
 .ARM.attributes
                0x00000290       0x39 Middlewares/Third_Party/FreeRTOS/Source/tasks.o
 .ARM.attributes
                0x000002c9       0x39 Middlewares/Third_Party/FreeRTOS/Source/portable/GCC/ARM_CM4F/port.o
 .ARM.attributes
                0x00000302       0x39 Middlewares/Third_Party/FreeRTOS/Source/portable/MemMang/heap_4.o
 .ARM.attributes
                0x0000033b       0x39 Src/CANProcess.o
 .ARM.attributes
                0x00000374       0x39 Src/PedalBox.o
 .ARM.attributes
                0x000003ad       0x39 Src/car.o
 .ARM.attributes
                0x000003e6       0x39 Src/main.o
 .ARM.attributes
                0x0000041f       0x39 Src/motor_controller_functions.o
 .ARM.attributes
                0x00000458       0x39 Src/stm32f4xx_hal_msp.o
 .ARM.attributes
                0x00000491       0x39 Src/stm32f4xx_hal_timebase_TIM.o
 .ARM.attributes
                0x000004ca       0x39 Src/stm32f4xx_it.o
 .ARM.attributes
                0x00000503       0x39 Src/system_stm32f4xx.o
 .ARM.attributes
                0x0000053c       0x21 startup/startup_stm32f407xx.o
 .ARM.attributes
                0x0000055d       0x22 c:/ac6/systemworkbench/plugins/fr.ac6.mcu.externaltools.arm-none.win32_1.15.0.201708311556/tools/compiler/bin/../lib/gcc/arm-none-eabi/6.3.1/thumb/v7e-m/fpv4-sp/hard\libgcc.a(_arm_addsubdf3.o)
 .ARM.attributes
                0x0000057f       0x22 c:/ac6/systemworkbench/plugins/fr.ac6.mcu.externaltools.arm-none.win32_1.15.0.201708311556/tools/compiler/bin/../lib/gcc/arm-none-eabi/6.3.1/thumb/v7e-m/fpv4-sp/hard\libgcc.a(_arm_muldivdf3.o)
 .ARM.attributes
                0x000005a1       0x22 c:/ac6/systemworkbench/plugins/fr.ac6.mcu.externaltools.arm-none.win32_1.15.0.201708311556/tools/compiler/bin/../lib/gcc/arm-none-eabi/6.3.1/thumb/v7e-m/fpv4-sp/hard\libgcc.a(_arm_cmpdf2.o)
 .ARM.attributes
                0x000005c3       0x22 c:/ac6/systemworkbench/plugins/fr.ac6.mcu.externaltools.arm-none.win32_1.15.0.201708311556/tools/compiler/bin/../lib/gcc/arm-none-eabi/6.3.1/thumb/v7e-m/fpv4-sp/hard\libgcc.a(_arm_fixdfsi.o)
 .ARM.attributes
                0x000005e5       0x34 c:/ac6/systemworkbench/plugins/fr.ac6.mcu.externaltools.arm-none.win32_1.15.0.201708311556/tools/compiler/bin/../lib/gcc/arm-none-eabi/6.3.1/thumb/v7e-m/fpv4-sp/hard\libgcc.a(_fixsfdi.o)
 .ARM.attributes
                0x00000619       0x34 c:/ac6/systemworkbench/plugins/fr.ac6.mcu.externaltools.arm-none.win32_1.15.0.201708311556/tools/compiler/bin/../lib/gcc/arm-none-eabi/6.3.1/thumb/v7e-m/fpv4-sp/hard\libgcc.a(_fixunssfdi.o)
 .ARM.attributes
                0x0000064d       0x22 c:/ac6/systemworkbench/plugins/fr.ac6.mcu.externaltools.arm-none.win32_1.15.0.201708311556/tools/compiler/bin/../lib/gcc/arm-none-eabi/6.3.1/thumb/v7e-m/fpv4-sp/hard\libgcc.a(_arm_fixunsdfsi.o)
 .ARM.attributes
                0x0000066f       0x34 c:/ac6/systemworkbench/plugins/fr.ac6.mcu.externaltools.arm-none.win32_1.15.0.201708311556/tools/compiler/bin/../lib/gcc/arm-none-eabi/6.3.1/../../../../arm-none-eabi/lib/thumb/v7e-m/fpv4-sp/hard\libc_nano.a(lib_a-init.o)
 .ARM.attributes
                0x000006a3       0x34 c:/ac6/systemworkbench/plugins/fr.ac6.mcu.externaltools.arm-none.win32_1.15.0.201708311556/tools/compiler/bin/../lib/gcc/arm-none-eabi/6.3.1/../../../../arm-none-eabi/lib/thumb/v7e-m/fpv4-sp/hard\libc_nano.a(lib_a-memcpy-stub.o)
 .ARM.attributes
                0x000006d7       0x22 c:/ac6/systemworkbench/plugins/fr.ac6.mcu.externaltools.arm-none.win32_1.15.0.201708311556/tools/compiler/bin/../lib/gcc/arm-none-eabi/6.3.1/thumb/v7e-m/fpv4-sp/hard/crtn.o
OUTPUT(MainModule2018F4.elf elf32-littlearm)

.debug_info     0x00000000    0x20dbd
 .debug_info    0x00000000     0x115f Drivers/STM32F4xx_HAL_Driver/Src/stm32f4xx_hal.o
 .debug_info    0x0000115f     0x144a Drivers/STM32F4xx_HAL_Driver/Src/stm32f4xx_hal_can.o
 .debug_info    0x000025a9     0x16d4 Drivers/STM32F4xx_HAL_Driver/Src/stm32f4xx_hal_cortex.o
 .debug_info    0x00003c7d      0xf97 Drivers/STM32F4xx_HAL_Driver/Src/stm32f4xx_hal_gpio.o
 .debug_info    0x00004c14     0x1511 Drivers/STM32F4xx_HAL_Driver/Src/stm32f4xx_hal_rcc.o
 .debug_info    0x00006125     0x3685 Drivers/STM32F4xx_HAL_Driver/Src/stm32f4xx_hal_tim.o
 .debug_info    0x000097aa     0x1b18 Drivers/STM32F4xx_HAL_Driver/Src/stm32f4xx_hal_tim_ex.o
 .debug_info    0x0000b2c2     0x21b5 Middlewares/Third_Party/FreeRTOS/Source/CMSIS_RTOS/cmsis_os.o
 .debug_info    0x0000d477      0xad4 Middlewares/Third_Party/FreeRTOS/Source/list.o
 .debug_info    0x0000df4b     0x1db4 Middlewares/Third_Party/FreeRTOS/Source/queue.o
 .debug_info    0x0000fcff     0x292c Middlewares/Third_Party/FreeRTOS/Source/tasks.o
 .debug_info    0x0001262b      0x55b Middlewares/Third_Party/FreeRTOS/Source/portable/GCC/ARM_CM4F/port.o
 .debug_info    0x00012b86      0xc78 Middlewares/Third_Party/FreeRTOS/Source/portable/MemMang/heap_4.o
 .debug_info    0x000137fe     0x171d Src/CANProcess.o
 .debug_info    0x00014f1b     0x1494 Src/PedalBox.o
 .debug_info    0x000163af     0x1b47 Src/car.o
 .debug_info    0x00017ef6     0x25bb Src/main.o
 .debug_info    0x0001a4b1     0x1880 Src/motor_controller_functions.o
 .debug_info    0x0001bd31     0x1586 Src/stm32f4xx_hal_msp.o
 .debug_info    0x0001d2b7     0x13cd Src/stm32f4xx_hal_timebase_TIM.o
 .debug_info    0x0001e684     0x1984 Src/stm32f4xx_it.o
 .debug_info    0x00020008      0xd30 Src/system_stm32f4xx.o
 .debug_info    0x00020d38       0x85 startup/startup_stm32f407xx.o

.debug_abbrev   0x00000000     0x40c6
 .debug_abbrev  0x00000000      0x329 Drivers/STM32F4xx_HAL_Driver/Src/stm32f4xx_hal.o
 .debug_abbrev  0x00000329      0x2fa Drivers/STM32F4xx_HAL_Driver/Src/stm32f4xx_hal_can.o
 .debug_abbrev  0x00000623      0x3d4 Drivers/STM32F4xx_HAL_Driver/Src/stm32f4xx_hal_cortex.o
 .debug_abbrev  0x000009f7      0x2a5 Drivers/STM32F4xx_HAL_Driver/Src/stm32f4xx_hal_gpio.o
 .debug_abbrev  0x00000c9c      0x381 Drivers/STM32F4xx_HAL_Driver/Src/stm32f4xx_hal_rcc.o
 .debug_abbrev  0x0000101d      0x2dc Drivers/STM32F4xx_HAL_Driver/Src/stm32f4xx_hal_tim.o
 .debug_abbrev  0x000012f9      0x2dc Drivers/STM32F4xx_HAL_Driver/Src/stm32f4xx_hal_tim_ex.o
 .debug_abbrev  0x000015d5      0x3d0 Middlewares/Third_Party/FreeRTOS/Source/CMSIS_RTOS/cmsis_os.o
 .debug_abbrev  0x000019a5      0x21c Middlewares/Third_Party/FreeRTOS/Source/list.o
 .debug_abbrev  0x00001bc1      0x344 Middlewares/Third_Party/FreeRTOS/Source/queue.o
 .debug_abbrev  0x00001f05      0x3be Middlewares/Third_Party/FreeRTOS/Source/tasks.o
 .debug_abbrev  0x000022c3      0x207 Middlewares/Third_Party/FreeRTOS/Source/portable/GCC/ARM_CM4F/port.o
 .debug_abbrev  0x000024ca      0x318 Middlewares/Third_Party/FreeRTOS/Source/portable/MemMang/heap_4.o
 .debug_abbrev  0x000027e2      0x314 Src/CANProcess.o
 .debug_abbrev  0x00002af6      0x28a Src/PedalBox.o
 .debug_abbrev  0x00002d80      0x372 Src/car.o
 .debug_abbrev  0x000030f2      0x362 Src/main.o
 .debug_abbrev  0x00003454      0x2c8 Src/motor_controller_functions.o
 .debug_abbrev  0x0000371c      0x26e Src/stm32f4xx_hal_msp.o
 .debug_abbrev  0x0000398a      0x295 Src/stm32f4xx_hal_timebase_TIM.o
 .debug_abbrev  0x00003c1f      0x290 Src/stm32f4xx_it.o
 .debug_abbrev  0x00003eaf      0x205 Src/system_stm32f4xx.o
 .debug_abbrev  0x000040b4       0x12 startup/startup_stm32f407xx.o

.debug_loc      0x00000000     0x93fe
 .debug_loc     0x00000000       0x92 Drivers/STM32F4xx_HAL_Driver/Src/stm32f4xx_hal.o
 .debug_loc     0x00000092      0x8f2 Drivers/STM32F4xx_HAL_Driver/Src/stm32f4xx_hal_can.o
 .debug_loc     0x00000984      0x5ad Drivers/STM32F4xx_HAL_Driver/Src/stm32f4xx_hal_cortex.o
 .debug_loc     0x00000f31      0x3fd Drivers/STM32F4xx_HAL_Driver/Src/stm32f4xx_hal_gpio.o
 .debug_loc     0x0000132e      0x53b Drivers/STM32F4xx_HAL_Driver/Src/stm32f4xx_hal_rcc.o
 .debug_loc     0x00001869     0x34bc Drivers/STM32F4xx_HAL_Driver/Src/stm32f4xx_hal_tim.o
 .debug_loc     0x00004d25      0xc5f Drivers/STM32F4xx_HAL_Driver/Src/stm32f4xx_hal_tim_ex.o
 .debug_loc     0x00005984      0xf46 Middlewares/Third_Party/FreeRTOS/Source/CMSIS_RTOS/cmsis_os.o
 .debug_loc     0x000068ca       0x70 Middlewares/Third_Party/FreeRTOS/Source/list.o
 .debug_loc     0x0000693a      0xb30 Middlewares/Third_Party/FreeRTOS/Source/queue.o
 .debug_loc     0x0000746a     0x1562 Middlewares/Third_Party/FreeRTOS/Source/tasks.o
 .debug_loc     0x000089cc       0xe3 Middlewares/Third_Party/FreeRTOS/Source/portable/GCC/ARM_CM4F/port.o
 .debug_loc     0x00008aaf      0x291 Middlewares/Third_Party/FreeRTOS/Source/portable/MemMang/heap_4.o
 .debug_loc     0x00008d40      0x139 Src/CANProcess.o
 .debug_loc     0x00008e79      0x145 Src/PedalBox.o
 .debug_loc     0x00008fbe       0xec Src/car.o
 .debug_loc     0x000090aa       0x5b Src/main.o
 .debug_loc     0x00009105       0xf6 Src/motor_controller_functions.o
 .debug_loc     0x000091fb       0x5b Src/stm32f4xx_hal_msp.o
 .debug_loc     0x00009256       0x6a Src/stm32f4xx_hal_timebase_TIM.o
 .debug_loc     0x000092c0      0x13e Src/system_stm32f4xx.o

.debug_aranges  0x00000000      0xf08
 .debug_aranges
                0x00000000       0xc0 Drivers/STM32F4xx_HAL_Driver/Src/stm32f4xx_hal.o
 .debug_aranges
                0x000000c0       0xb0 Drivers/STM32F4xx_HAL_Driver/Src/stm32f4xx_hal_can.o
 .debug_aranges
                0x00000170       0x98 Drivers/STM32F4xx_HAL_Driver/Src/stm32f4xx_hal_cortex.o
 .debug_aranges
                0x00000208       0x58 Drivers/STM32F4xx_HAL_Driver/Src/stm32f4xx_hal_gpio.o
 .debug_aranges
                0x00000260       0x88 Drivers/STM32F4xx_HAL_Driver/Src/stm32f4xx_hal_rcc.o
 .debug_aranges
                0x000002e8      0x368 Drivers/STM32F4xx_HAL_Driver/Src/stm32f4xx_hal_tim.o
 .debug_aranges
                0x00000650      0x140 Drivers/STM32F4xx_HAL_Driver/Src/stm32f4xx_hal_tim_ex.o
 .debug_aranges
                0x00000790      0x1b0 Middlewares/Third_Party/FreeRTOS/Source/CMSIS_RTOS/cmsis_os.o
 .debug_aranges
                0x00000940       0x40 Middlewares/Third_Party/FreeRTOS/Source/list.o
 .debug_aranges
                0x00000980       0xc8 Middlewares/Third_Party/FreeRTOS/Source/queue.o
 .debug_aranges
                0x00000a48      0x188 Middlewares/Third_Party/FreeRTOS/Source/tasks.o
 .debug_aranges
                0x00000bd0       0x80 Middlewares/Third_Party/FreeRTOS/Source/portable/GCC/ARM_CM4F/port.o
 .debug_aranges
                0x00000c50       0x50 Middlewares/Third_Party/FreeRTOS/Source/portable/MemMang/heap_4.o
 .debug_aranges
                0x00000ca0       0x50 Src/CANProcess.o
 .debug_aranges
                0x00000cf0       0x20 Src/PedalBox.o
 .debug_aranges
                0x00000d10       0x60 Src/car.o
 .debug_aranges
                0x00000d70       0x50 Src/main.o
 .debug_aranges
                0x00000dc0       0x58 Src/motor_controller_functions.o
 .debug_aranges
                0x00000e18       0x30 Src/stm32f4xx_hal_msp.o
 .debug_aranges
                0x00000e48       0x30 Src/stm32f4xx_hal_timebase_TIM.o
 .debug_aranges
                0x00000e78       0x40 Src/stm32f4xx_it.o
 .debug_aranges
                0x00000eb8       0x28 Src/system_stm32f4xx.o
 .debug_aranges
                0x00000ee0       0x28 startup/startup_stm32f407xx.o

.debug_ranges   0x00000000      0xea0
 .debug_ranges  0x00000000       0xb0 Drivers/STM32F4xx_HAL_Driver/Src/stm32f4xx_hal.o
 .debug_ranges  0x000000b0       0xa0 Drivers/STM32F4xx_HAL_Driver/Src/stm32f4xx_hal_can.o
 .debug_ranges  0x00000150       0xe8 Drivers/STM32F4xx_HAL_Driver/Src/stm32f4xx_hal_cortex.o
 .debug_ranges  0x00000238       0x48 Drivers/STM32F4xx_HAL_Driver/Src/stm32f4xx_hal_gpio.o
 .debug_ranges  0x00000280       0x78 Drivers/STM32F4xx_HAL_Driver/Src/stm32f4xx_hal_rcc.o
 .debug_ranges  0x000002f8      0x358 Drivers/STM32F4xx_HAL_Driver/Src/stm32f4xx_hal_tim.o
 .debug_ranges  0x00000650      0x130 Drivers/STM32F4xx_HAL_Driver/Src/stm32f4xx_hal_tim_ex.o
 .debug_ranges  0x00000780      0x1a0 Middlewares/Third_Party/FreeRTOS/Source/CMSIS_RTOS/cmsis_os.o
 .debug_ranges  0x00000920       0x30 Middlewares/Third_Party/FreeRTOS/Source/list.o
 .debug_ranges  0x00000950       0xb8 Middlewares/Third_Party/FreeRTOS/Source/queue.o
 .debug_ranges  0x00000a08      0x1e8 Middlewares/Third_Party/FreeRTOS/Source/tasks.o
 .debug_ranges  0x00000bf0       0x88 Middlewares/Third_Party/FreeRTOS/Source/portable/GCC/ARM_CM4F/port.o
 .debug_ranges  0x00000c78       0x40 Middlewares/Third_Party/FreeRTOS/Source/portable/MemMang/heap_4.o
 .debug_ranges  0x00000cb8       0x40 Src/CANProcess.o
 .debug_ranges  0x00000cf8       0x28 Src/PedalBox.o
 .debug_ranges  0x00000d20       0x50 Src/car.o
 .debug_ranges  0x00000d70       0x40 Src/main.o
 .debug_ranges  0x00000db0       0x48 Src/motor_controller_functions.o
 .debug_ranges  0x00000df8       0x20 Src/stm32f4xx_hal_msp.o
 .debug_ranges  0x00000e18       0x20 Src/stm32f4xx_hal_timebase_TIM.o
 .debug_ranges  0x00000e38       0x30 Src/stm32f4xx_it.o
 .debug_ranges  0x00000e68       0x18 Src/system_stm32f4xx.o
 .debug_ranges  0x00000e80       0x20 startup/startup_stm32f407xx.o

.debug_macro    0x00000000    0x24a23
 .debug_macro   0x00000000      0x379 Drivers/STM32F4xx_HAL_Driver/Src/stm32f4xx_hal.o
 .debug_macro   0x00000379      0x8bc Drivers/STM32F4xx_HAL_Driver/Src/stm32f4xx_hal.o
 .debug_macro   0x00000c35      0x1fc Drivers/STM32F4xx_HAL_Driver/Src/stm32f4xx_hal.o
 .debug_macro   0x00000e31      0x180 Drivers/STM32F4xx_HAL_Driver/Src/stm32f4xx_hal.o
 .debug_macro   0x00000fb1       0x33 Drivers/STM32F4xx_HAL_Driver/Src/stm32f4xx_hal.o
 .debug_macro   0x00000fe4       0x28 Drivers/STM32F4xx_HAL_Driver/Src/stm32f4xx_hal.o
 .debug_macro   0x0000100c       0x22 Drivers/STM32F4xx_HAL_Driver/Src/stm32f4xx_hal.o
 .debug_macro   0x0000102e       0x87 Drivers/STM32F4xx_HAL_Driver/Src/stm32f4xx_hal.o
 .debug_macro   0x000010b5       0x51 Drivers/STM32F4xx_HAL_Driver/Src/stm32f4xx_hal.o
 .debug_macro   0x00001106       0xef Drivers/STM32F4xx_HAL_Driver/Src/stm32f4xx_hal.o
 .debug_macro   0x000011f5       0x6a Drivers/STM32F4xx_HAL_Driver/Src/stm32f4xx_hal.o
 .debug_macro   0x0000125f      0x1df Drivers/STM32F4xx_HAL_Driver/Src/stm32f4xx_hal.o
 .debug_macro   0x0000143e       0x35 Drivers/STM32F4xx_HAL_Driver/Src/stm32f4xx_hal.o
 .debug_macro   0x00001473       0x50 Drivers/STM32F4xx_HAL_Driver/Src/stm32f4xx_hal.o
 .debug_macro   0x000014c3      0xe66 Drivers/STM32F4xx_HAL_Driver/Src/stm32f4xx_hal.o
 .debug_macro   0x00002329    0x15d7f Drivers/STM32F4xx_HAL_Driver/Src/stm32f4xx_hal.o
 .debug_macro   0x000180a8       0x43 Drivers/STM32F4xx_HAL_Driver/Src/stm32f4xx_hal.o
 .debug_macro   0x000180eb     0x347f Drivers/STM32F4xx_HAL_Driver/Src/stm32f4xx_hal.o
 .debug_macro   0x0001b56a       0x58 Drivers/STM32F4xx_HAL_Driver/Src/stm32f4xx_hal.o
 .debug_macro   0x0001b5c2       0x35 Drivers/STM32F4xx_HAL_Driver/Src/stm32f4xx_hal.o
 .debug_macro   0x0001b5f7       0x9c Drivers/STM32F4xx_HAL_Driver/Src/stm32f4xx_hal.o
 .debug_macro   0x0001b693       0x16 Drivers/STM32F4xx_HAL_Driver/Src/stm32f4xx_hal.o
 .debug_macro   0x0001b6a9       0x97 Drivers/STM32F4xx_HAL_Driver/Src/stm32f4xx_hal.o
 .debug_macro   0x0001b740      0x330 Drivers/STM32F4xx_HAL_Driver/Src/stm32f4xx_hal.o
 .debug_macro   0x0001ba70       0xfd Drivers/STM32F4xx_HAL_Driver/Src/stm32f4xx_hal.o
 .debug_macro   0x0001bb6d       0x10 Drivers/STM32F4xx_HAL_Driver/Src/stm32f4xx_hal.o
 .debug_macro   0x0001bb7d       0x58 Drivers/STM32F4xx_HAL_Driver/Src/stm32f4xx_hal.o
 .debug_macro   0x0001bbd5       0x1f Drivers/STM32F4xx_HAL_Driver/Src/stm32f4xx_hal.o
 .debug_macro   0x0001bbf4       0x43 Drivers/STM32F4xx_HAL_Driver/Src/stm32f4xx_hal.o
 .debug_macro   0x0001bc37       0x20 Drivers/STM32F4xx_HAL_Driver/Src/stm32f4xx_hal.o
 .debug_macro   0x0001bc57      0x187 Drivers/STM32F4xx_HAL_Driver/Src/stm32f4xx_hal.o
 .debug_macro   0x0001bdde       0x10 Drivers/STM32F4xx_HAL_Driver/Src/stm32f4xx_hal.o
 .debug_macro   0x0001bdee       0x1c Drivers/STM32F4xx_HAL_Driver/Src/stm32f4xx_hal.o
 .debug_macro   0x0001be0a       0x52 Drivers/STM32F4xx_HAL_Driver/Src/stm32f4xx_hal.o
 .debug_macro   0x0001be5c       0x40 Drivers/STM32F4xx_HAL_Driver/Src/stm32f4xx_hal.o
 .debug_macro   0x0001be9c       0x10 Drivers/STM32F4xx_HAL_Driver/Src/stm32f4xx_hal.o
 .debug_macro   0x0001beac       0x40 Drivers/STM32F4xx_HAL_Driver/Src/stm32f4xx_hal.o
 .debug_macro   0x0001beec       0xd7 Drivers/STM32F4xx_HAL_Driver/Src/stm32f4xx_hal.o
 .debug_macro   0x0001bfc3       0x16 Drivers/STM32F4xx_HAL_Driver/Src/stm32f4xx_hal.o
 .debug_macro   0x0001bfd9      0x18b Drivers/STM32F4xx_HAL_Driver/Src/stm32f4xx_hal.o
 .debug_macro   0x0001c164       0x50 Drivers/STM32F4xx_HAL_Driver/Src/stm32f4xx_hal.o
 .debug_macro   0x0001c1b4      0x964 Drivers/STM32F4xx_HAL_Driver/Src/stm32f4xx_hal.o
 .debug_macro   0x0001cb18      0x9e1 Drivers/STM32F4xx_HAL_Driver/Src/stm32f4xx_hal.o
 .debug_macro   0x0001d4f9      0x11e Drivers/STM32F4xx_HAL_Driver/Src/stm32f4xx_hal.o
 .debug_macro   0x0001d617      0x13e Drivers/STM32F4xx_HAL_Driver/Src/stm32f4xx_hal.o
 .debug_macro   0x0001d755       0x27 Drivers/STM32F4xx_HAL_Driver/Src/stm32f4xx_hal.o
 .debug_macro   0x0001d77c      0x287 Drivers/STM32F4xx_HAL_Driver/Src/stm32f4xx_hal.o
 .debug_macro   0x0001da03       0x5f Drivers/STM32F4xx_HAL_Driver/Src/stm32f4xx_hal.o
 .debug_macro   0x0001da62      0x23a Drivers/STM32F4xx_HAL_Driver/Src/stm32f4xx_hal.o
 .debug_macro   0x0001dc9c      0x36e Drivers/STM32F4xx_HAL_Driver/Src/stm32f4xx_hal.o
 .debug_macro   0x0001e00a      0x13a Drivers/STM32F4xx_HAL_Driver/Src/stm32f4xx_hal.o
 .debug_macro   0x0001e144      0x21e Drivers/STM32F4xx_HAL_Driver/Src/stm32f4xx_hal.o
 .debug_macro   0x0001e362       0x2e Drivers/STM32F4xx_HAL_Driver/Src/stm32f4xx_hal.o
 .debug_macro   0x0001e390      0x11e Drivers/STM32F4xx_HAL_Driver/Src/stm32f4xx_hal.o
 .debug_macro   0x0001e4ae       0x7f Drivers/STM32F4xx_HAL_Driver/Src/stm32f4xx_hal.o
 .debug_macro   0x0001e52d       0x89 Drivers/STM32F4xx_HAL_Driver/Src/stm32f4xx_hal.o
 .debug_macro   0x0001e5b6      0x6d9 Drivers/STM32F4xx_HAL_Driver/Src/stm32f4xx_hal.o
 .debug_macro   0x0001ec8f       0x5b Drivers/STM32F4xx_HAL_Driver/Src/stm32f4xx_hal.o
 .debug_macro   0x0001ecea      0x14d Drivers/STM32F4xx_HAL_Driver/Src/stm32f4xx_hal.o
 .debug_macro   0x0001ee37      0x125 Drivers/STM32F4xx_HAL_Driver/Src/stm32f4xx_hal.o
 .debug_macro   0x0001ef5c      0x320 Drivers/STM32F4xx_HAL_Driver/Src/stm32f4xx_hal_can.o
 .debug_macro   0x0001f27c      0x319 Drivers/STM32F4xx_HAL_Driver/Src/stm32f4xx_hal_cortex.o
 .debug_macro   0x0001f595      0x351 Drivers/STM32F4xx_HAL_Driver/Src/stm32f4xx_hal_gpio.o
 .debug_macro   0x0001f8e6      0x343 Drivers/STM32F4xx_HAL_Driver/Src/stm32f4xx_hal_rcc.o
 .debug_macro   0x0001fc29      0x31a Drivers/STM32F4xx_HAL_Driver/Src/stm32f4xx_hal_tim.o
 .debug_macro   0x0001ff43      0x319 Drivers/STM32F4xx_HAL_Driver/Src/stm32f4xx_hal_tim_ex.o
 .debug_macro   0x0002025c      0x1f4 Middlewares/Third_Party/FreeRTOS/Source/CMSIS_RTOS/cmsis_os.o
 .debug_macro   0x00020450       0x52 Middlewares/Third_Party/FreeRTOS/Source/CMSIS_RTOS/cmsis_os.o
 .debug_macro   0x000204a2       0x8d Middlewares/Third_Party/FreeRTOS/Source/CMSIS_RTOS/cmsis_os.o
 .debug_macro   0x0002052f      0x174 Middlewares/Third_Party/FreeRTOS/Source/CMSIS_RTOS/cmsis_os.o
 .debug_macro   0x000206a3       0x57 Middlewares/Third_Party/FreeRTOS/Source/CMSIS_RTOS/cmsis_os.o
 .debug_macro   0x000206fa       0x10 Middlewares/Third_Party/FreeRTOS/Source/CMSIS_RTOS/cmsis_os.o
 .debug_macro   0x0002070a       0x35 Middlewares/Third_Party/FreeRTOS/Source/CMSIS_RTOS/cmsis_os.o
 .debug_macro   0x0002073f       0x16 Middlewares/Third_Party/FreeRTOS/Source/CMSIS_RTOS/cmsis_os.o
 .debug_macro   0x00020755       0x26 Middlewares/Third_Party/FreeRTOS/Source/CMSIS_RTOS/cmsis_os.o
 .debug_macro   0x0002077b       0xd2 Middlewares/Third_Party/FreeRTOS/Source/CMSIS_RTOS/cmsis_os.o
 .debug_macro   0x0002084d      0x15d Middlewares/Third_Party/FreeRTOS/Source/CMSIS_RTOS/cmsis_os.o
 .debug_macro   0x000209aa       0xdd Middlewares/Third_Party/FreeRTOS/Source/CMSIS_RTOS/cmsis_os.o
 .debug_macro   0x00020a87       0x10 Middlewares/Third_Party/FreeRTOS/Source/CMSIS_RTOS/cmsis_os.o
 .debug_macro   0x00020a97       0x1f Middlewares/Third_Party/FreeRTOS/Source/CMSIS_RTOS/cmsis_os.o
 .debug_macro   0x00020ab6      0x3fb Middlewares/Third_Party/FreeRTOS/Source/CMSIS_RTOS/cmsis_os.o
 .debug_macro   0x00020eb1       0xc0 Middlewares/Third_Party/FreeRTOS/Source/CMSIS_RTOS/cmsis_os.o
 .debug_macro   0x00020f71       0x9a Middlewares/Third_Party/FreeRTOS/Source/CMSIS_RTOS/cmsis_os.o
 .debug_macro   0x0002100b       0x91 Middlewares/Third_Party/FreeRTOS/Source/CMSIS_RTOS/cmsis_os.o
 .debug_macro   0x0002109c       0xb0 Middlewares/Third_Party/FreeRTOS/Source/CMSIS_RTOS/cmsis_os.o
 .debug_macro   0x0002114c       0x7f Middlewares/Third_Party/FreeRTOS/Source/CMSIS_RTOS/cmsis_os.o
 .debug_macro   0x000211cb       0x19 Middlewares/Third_Party/FreeRTOS/Source/CMSIS_RTOS/cmsis_os.o
 .debug_macro   0x000211e4       0xcf Middlewares/Third_Party/FreeRTOS/Source/CMSIS_RTOS/cmsis_os.o
 .debug_macro   0x000212b3      0x18b Middlewares/Third_Party/FreeRTOS/Source/list.o
 .debug_macro   0x0002143e      0x207 Middlewares/Third_Party/FreeRTOS/Source/queue.o
 .debug_macro   0x00021645       0x16 Middlewares/Third_Party/FreeRTOS/Source/queue.o
 .debug_macro   0x0002165b      0x243 Middlewares/Third_Party/FreeRTOS/Source/tasks.o
 .debug_macro   0x0002189e       0x11 Middlewares/Third_Party/FreeRTOS/Source/tasks.o
 .debug_macro   0x000218af      0x1a6 Middlewares/Third_Party/FreeRTOS/Source/portable/GCC/ARM_CM4F/port.o
 .debug_macro   0x00021a55      0x1b2 Middlewares/Third_Party/FreeRTOS/Source/portable/MemMang/heap_4.o
 .debug_macro   0x00021c07      0x44e Src/CANProcess.o
 .debug_macro   0x00022055       0xd8 Src/CANProcess.o
 .debug_macro   0x0002212d       0x9a Src/CANProcess.o
 .debug_macro   0x000221c7      0x1e1 Src/CANProcess.o
 .debug_macro   0x000223a8       0x6a Src/CANProcess.o
 .debug_macro   0x00022412      0x38f Src/CANProcess.o
 .debug_macro   0x000227a1      0x11e Src/CANProcess.o
 .debug_macro   0x000228bf      0x446 Src/PedalBox.o
 .debug_macro   0x00022d05      0x436 Src/car.o
 .debug_macro   0x0002313b       0xd8 Src/car.o
 .debug_macro   0x00023213      0x186 Src/car.o
 .debug_macro   0x00023399       0x3b Src/car.o
 .debug_macro   0x000233d4      0x463 Src/main.o
 .debug_macro   0x00023837      0x43e Src/motor_controller_functions.o
 .debug_macro   0x00023c75      0x319 Src/stm32f4xx_hal_msp.o
 .debug_macro   0x00023f8e      0x319 Src/stm32f4xx_hal_timebase_TIM.o
 .debug_macro   0x000242a7      0x45d Src/stm32f4xx_it.o
 .debug_macro   0x00024704      0x31f Src/system_stm32f4xx.o

.debug_line     0x00000000     0xee7a
 .debug_line    0x00000000      0x99a Drivers/STM32F4xx_HAL_Driver/Src/stm32f4xx_hal.o
 .debug_line    0x0000099a      0xc7d Drivers/STM32F4xx_HAL_Driver/Src/stm32f4xx_hal_can.o
 .debug_line    0x00001617      0x9e5 Drivers/STM32F4xx_HAL_Driver/Src/stm32f4xx_hal_cortex.o
 .debug_line    0x00001ffc      0x991 Drivers/STM32F4xx_HAL_Driver/Src/stm32f4xx_hal_gpio.o
 .debug_line    0x0000298d      0xb16 Drivers/STM32F4xx_HAL_Driver/Src/stm32f4xx_hal_rcc.o
 .debug_line    0x000034a3     0x1930 Drivers/STM32F4xx_HAL_Driver/Src/stm32f4xx_hal_tim.o
 .debug_line    0x00004dd3      0xdeb Drivers/STM32F4xx_HAL_Driver/Src/stm32f4xx_hal_tim_ex.o
 .debug_line    0x00005bbe      0xba0 Middlewares/Third_Party/FreeRTOS/Source/CMSIS_RTOS/cmsis_os.o
 .debug_line    0x0000675e      0x5a1 Middlewares/Third_Party/FreeRTOS/Source/list.o
 .debug_line    0x00006cff      0xa80 Middlewares/Third_Party/FreeRTOS/Source/queue.o
 .debug_line    0x0000777f      0xe0d Middlewares/Third_Party/FreeRTOS/Source/tasks.o
 .debug_line    0x0000858c      0x622 Middlewares/Third_Party/FreeRTOS/Source/portable/GCC/ARM_CM4F/port.o
 .debug_line    0x00008bae      0x656 Middlewares/Third_Party/FreeRTOS/Source/portable/MemMang/heap_4.o
 .debug_line    0x00009204      0xb3e Src/CANProcess.o
 .debug_line    0x00009d42      0xacb Src/PedalBox.o
 .debug_line    0x0000a80d      0xbb6 Src/car.o
 .debug_line    0x0000b3c3      0xb6d Src/main.o
 .debug_line    0x0000bf30      0xb48 Src/motor_controller_functions.o
 .debug_line    0x0000ca78      0x83f Src/stm32f4xx_hal_msp.o
 .debug_line    0x0000d2b7      0x839 Src/stm32f4xx_hal_timebase_TIM.o
 .debug_line    0x0000daf0      0xada Src/stm32f4xx_it.o
 .debug_line    0x0000e5ca      0x831 Src/system_stm32f4xx.o
 .debug_line    0x0000edfb       0x7f startup/startup_stm32f407xx.o

.debug_str      0x00000000    0xce202
 .debug_str     0x00000000    0xc0968 Drivers/STM32F4xx_HAL_Driver/Src/stm32f4xx_hal.o
                              0xc0d59 (size before relaxing)
 .debug_str     0x000c0968      0x4a7 Drivers/STM32F4xx_HAL_Driver/Src/stm32f4xx_hal_can.o
                              0xc065f (size before relaxing)
 .debug_str     0x000c0e0f      0x36e Drivers/STM32F4xx_HAL_Driver/Src/stm32f4xx_hal_cortex.o
                              0xc0af0 (size before relaxing)
 .debug_str     0x000c117d      0x2f2 Drivers/STM32F4xx_HAL_Driver/Src/stm32f4xx_hal_gpio.o
                              0xc0523 (size before relaxing)
 .debug_str     0x000c146f      0x39d Drivers/STM32F4xx_HAL_Driver/Src/stm32f4xx_hal_rcc.o
                              0xc06b1 (size before relaxing)
 .debug_str     0x000c180c     0x1085 Drivers/STM32F4xx_HAL_Driver/Src/stm32f4xx_hal_tim.o
                              0xc12cb (size before relaxing)
 .debug_str     0x000c2891      0x4ec Drivers/STM32F4xx_HAL_Driver/Src/stm32f4xx_hal_tim_ex.o
                              0xc0b83 (size before relaxing)
 .debug_str     0x000c2d7d     0x61af Middlewares/Third_Party/FreeRTOS/Source/CMSIS_RTOS/cmsis_os.o
                               0xcf4f (size before relaxing)
 .debug_str     0x000c8f2c      0x234 Middlewares/Third_Party/FreeRTOS/Source/list.o
                               0x9d25 (size before relaxing)
 .debug_str     0x000c9160      0x6e3 Middlewares/Third_Party/FreeRTOS/Source/queue.o
                               0xb6bc (size before relaxing)
 .debug_str     0x000c9843      0xd38 Middlewares/Third_Party/FreeRTOS/Source/tasks.o
                               0xbd78 (size before relaxing)
 .debug_str     0x000ca57b      0x744 Middlewares/Third_Party/FreeRTOS/Source/portable/GCC/ARM_CM4F/port.o
                               0x7f3c (size before relaxing)
 .debug_str     0x000cacbf      0x243 Middlewares/Third_Party/FreeRTOS/Source/portable/MemMang/heap_4.o
                               0xa617 (size before relaxing)
 .debug_str     0x000caf02     0x2ea9 Src/CANProcess.o
                              0xc8b35 (size before relaxing)
 .debug_str     0x000cddab       0xa0 Src/PedalBox.o
                              0xc89f3 (size before relaxing)
 .debug_str     0x000cde4b       0xeb Src/car.o
                              0xc8714 (size before relaxing)
 .debug_str     0x000cdf36       0x8c Src/main.o
                              0xc96b4 (size before relaxing)
 .debug_str     0x000cdfc2       0xde Src/motor_controller_functions.o
                              0xc8678 (size before relaxing)
 .debug_str     0x000ce0a0       0x1b Src/stm32f4xx_hal_msp.o
                              0xc0a4a (size before relaxing)
 .debug_str     0x000ce0bb       0x61 Src/stm32f4xx_hal_timebase_TIM.o
                              0xc0c67 (size before relaxing)
 .debug_str     0x000ce11c       0x8c Src/stm32f4xx_it.o
                              0xc8d95 (size before relaxing)
 .debug_str     0x000ce1a8       0x5a Src/system_stm32f4xx.o
                              0xc027f (size before relaxing)

.comment        0x00000000       0x7f
 .comment       0x00000000       0x7f Drivers/STM32F4xx_HAL_Driver/Src/stm32f4xx_hal.o
                                 0x80 (size before relaxing)
 .comment       0x0000007f       0x80 Drivers/STM32F4xx_HAL_Driver/Src/stm32f4xx_hal_can.o
 .comment       0x0000007f       0x80 Drivers/STM32F4xx_HAL_Driver/Src/stm32f4xx_hal_cortex.o
 .comment       0x0000007f       0x80 Drivers/STM32F4xx_HAL_Driver/Src/stm32f4xx_hal_gpio.o
 .comment       0x0000007f       0x80 Drivers/STM32F4xx_HAL_Driver/Src/stm32f4xx_hal_rcc.o
 .comment       0x0000007f       0x80 Drivers/STM32F4xx_HAL_Driver/Src/stm32f4xx_hal_tim.o
 .comment       0x0000007f       0x80 Drivers/STM32F4xx_HAL_Driver/Src/stm32f4xx_hal_tim_ex.o
 .comment       0x0000007f       0x80 Middlewares/Third_Party/FreeRTOS/Source/CMSIS_RTOS/cmsis_os.o
 .comment       0x0000007f       0x80 Middlewares/Third_Party/FreeRTOS/Source/list.o
 .comment       0x0000007f       0x80 Middlewares/Third_Party/FreeRTOS/Source/queue.o
 .comment       0x0000007f       0x80 Middlewares/Third_Party/FreeRTOS/Source/tasks.o
 .comment       0x0000007f       0x80 Middlewares/Third_Party/FreeRTOS/Source/portable/GCC/ARM_CM4F/port.o
 .comment       0x0000007f       0x80 Middlewares/Third_Party/FreeRTOS/Source/portable/MemMang/heap_4.o
 .comment       0x0000007f       0x80 Src/CANProcess.o
 .comment       0x0000007f       0x80 Src/PedalBox.o
 .comment       0x0000007f       0x80 Src/car.o
 .comment       0x0000007f       0x80 Src/main.o
 .comment       0x0000007f       0x80 Src/motor_controller_functions.o
 .comment       0x0000007f       0x80 Src/stm32f4xx_hal_msp.o
 .comment       0x0000007f       0x80 Src/stm32f4xx_hal_timebase_TIM.o
 .comment       0x0000007f       0x80 Src/stm32f4xx_it.o
 .comment       0x0000007f       0x80 Src/system_stm32f4xx.o

.debug_frame    0x00000000     0x2a7c
 .debug_frame   0x00000000      0x188 Drivers/STM32F4xx_HAL_Driver/Src/stm32f4xx_hal.o
 .debug_frame   0x00000188      0x1f4 Drivers/STM32F4xx_HAL_Driver/Src/stm32f4xx_hal_can.o
 .debug_frame   0x0000037c      0x13c Drivers/STM32F4xx_HAL_Driver/Src/stm32f4xx_hal_cortex.o
 .debug_frame   0x000004b8       0xd0 Drivers/STM32F4xx_HAL_Driver/Src/stm32f4xx_hal_gpio.o
 .debug_frame   0x00000588      0x13c Drivers/STM32F4xx_HAL_Driver/Src/stm32f4xx_hal_rcc.o
 .debug_frame   0x000006c4      0x9e0 Drivers/STM32F4xx_HAL_Driver/Src/stm32f4xx_hal_tim.o
 .debug_frame   0x000010a4      0x390 Drivers/STM32F4xx_HAL_Driver/Src/stm32f4xx_hal_tim_ex.o
 .debug_frame   0x00001434      0x514 Middlewares/Third_Party/FreeRTOS/Source/CMSIS_RTOS/cmsis_os.o
 .debug_frame   0x00001948       0x6c Middlewares/Third_Party/FreeRTOS/Source/list.o
 .debug_frame   0x000019b4      0x274 Middlewares/Third_Party/FreeRTOS/Source/queue.o
 .debug_frame   0x00001c28      0x4d8 Middlewares/Third_Party/FreeRTOS/Source/tasks.o
 .debug_frame   0x00002100       0xfc Middlewares/Third_Party/FreeRTOS/Source/portable/GCC/ARM_CM4F/port.o
 .debug_frame   0x000021fc       0xac Middlewares/Third_Party/FreeRTOS/Source/portable/MemMang/heap_4.o
 .debug_frame   0x000022a8       0xbc Src/CANProcess.o
 .debug_frame   0x00002364       0x44 Src/PedalBox.o
 .debug_frame   0x000023a8       0xec Src/car.o
 .debug_frame   0x00002494       0xd0 Src/main.o
 .debug_frame   0x00002564       0xec Src/motor_controller_functions.o
 .debug_frame   0x00002650       0x60 Src/stm32f4xx_hal_msp.o
 .debug_frame   0x000026b0       0x50 Src/stm32f4xx_hal_timebase_TIM.o
 .debug_frame   0x00002700       0x9c Src/stm32f4xx_it.o
 .debug_frame   0x0000279c       0x30 Src/system_stm32f4xx.o
 .debug_frame   0x000027cc       0xac c:/ac6/systemworkbench/plugins/fr.ac6.mcu.externaltools.arm-none.win32_1.15.0.201708311556/tools/compiler/bin/../lib/gcc/arm-none-eabi/6.3.1/thumb/v7e-m/fpv4-sp/hard\libgcc.a(_arm_addsubdf3.o)
 .debug_frame   0x00002878       0x50 c:/ac6/systemworkbench/plugins/fr.ac6.mcu.externaltools.arm-none.win32_1.15.0.201708311556/tools/compiler/bin/../lib/gcc/arm-none-eabi/6.3.1/thumb/v7e-m/fpv4-sp/hard\libgcc.a(_arm_muldivdf3.o)
 .debug_frame   0x000028c8       0xc4 c:/ac6/systemworkbench/plugins/fr.ac6.mcu.externaltools.arm-none.win32_1.15.0.201708311556/tools/compiler/bin/../lib/gcc/arm-none-eabi/6.3.1/thumb/v7e-m/fpv4-sp/hard\libgcc.a(_arm_cmpdf2.o)
 .debug_frame   0x0000298c       0x24 c:/ac6/systemworkbench/plugins/fr.ac6.mcu.externaltools.arm-none.win32_1.15.0.201708311556/tools/compiler/bin/../lib/gcc/arm-none-eabi/6.3.1/thumb/v7e-m/fpv4-sp/hard\libgcc.a(_arm_fixdfsi.o)
 .debug_frame   0x000029b0       0x28 c:/ac6/systemworkbench/plugins/fr.ac6.mcu.externaltools.arm-none.win32_1.15.0.201708311556/tools/compiler/bin/../lib/gcc/arm-none-eabi/6.3.1/thumb/v7e-m/fpv4-sp/hard\libgcc.a(_fixsfdi.o)
 .debug_frame   0x000029d8       0x2c c:/ac6/systemworkbench/plugins/fr.ac6.mcu.externaltools.arm-none.win32_1.15.0.201708311556/tools/compiler/bin/../lib/gcc/arm-none-eabi/6.3.1/thumb/v7e-m/fpv4-sp/hard\libgcc.a(_fixunssfdi.o)
 .debug_frame   0x00002a04       0x24 c:/ac6/systemworkbench/plugins/fr.ac6.mcu.externaltools.arm-none.win32_1.15.0.201708311556/tools/compiler/bin/../lib/gcc/arm-none-eabi/6.3.1/thumb/v7e-m/fpv4-sp/hard\libgcc.a(_arm_fixunsdfsi.o)
 .debug_frame   0x00002a28       0x2c c:/ac6/systemworkbench/plugins/fr.ac6.mcu.externaltools.arm-none.win32_1.15.0.201708311556/tools/compiler/bin/../lib/gcc/arm-none-eabi/6.3.1/../../../../arm-none-eabi/lib/thumb/v7e-m/fpv4-sp/hard\libc_nano.a(lib_a-init.o)
 .debug_frame   0x00002a54       0x28 c:/ac6/systemworkbench/plugins/fr.ac6.mcu.externaltools.arm-none.win32_1.15.0.201708311556/tools/compiler/bin/../lib/gcc/arm-none-eabi/6.3.1/../../../../arm-none-eabi/lib/thumb/v7e-m/fpv4-sp/hard\libc_nano.a(lib_a-memcpy-stub.o)
